{
  message: '[SchedulerService] Khởi tạo các cron job...',
  level: 'info',
  timestamp: '2026-07-30T05:52:28.611Z'
}
{
  message: 'Booking API Service đang chạy tại port 3000 (Môi trường: development)',
  level: 'info',
  timestamp: '2026-07-30T05:52:28.767Z'
}
{
  message: '[Redis] Kết nối thành công tới Redis server',
  level: 'info',
  timestamp: '2026-07-30T05:52:28.782Z'
}
{
  message: 'JWT Verification Error: jwt expired',
  level: 'error',
  timestamp: '2026-07-30T05:52:46.402Z'
}
{
  message: 'GLOBAL ERROR HANDLER CAUGHT: Error: Phiên đăng nhập đã hết hạn. Vui lòng lấy Token mới.\n' +
    '    at authMiddleware (/app/src/middlewares/authMiddleware.ts:80:9)\n' +
    '    at Layer.handleRequest (/app/node_modules/router/lib/layer.js:152:17)\n' +
    '    at next (/app/node_modules/router/lib/route.js:157:13)\n' +
    '    at Route.dispatch (/app/node_modules/router/lib/route.js:117:3)\n' +
    '    at handle (/app/node_modules/router/index.js:435:11)\n' +
    '    at Layer.handleRequest (/app/node_modules/router/lib/layer.js:152:17)\n' +
    '    at /app/node_modules/router/index.js:295:15\n' +
    '    at processParams (/app/node_modules/router/index.js:582:12)\n' +
    '    at next (/app/node_modules/router/index.js:291:5)\n' +
    '    at Function.handle (/app/node_modules/router/index.js:186:3)',
  level: 'error',
  timestamp: '2026-07-30T05:52:46.404Z'
}
{
  message: 'JWT Verification Error: jwt expired',
  level: 'error',
  timestamp: '2026-07-30T05:52:46.421Z'
}
{
  message: 'GLOBAL ERROR HANDLER CAUGHT: Error: Phiên đăng nhập đã hết hạn. Vui lòng lấy Token mới.\n' +
    '    at authMiddleware (/app/src/middlewares/authMiddleware.ts:80:9)\n' +
    '    at Layer.handleRequest (/app/node_modules/router/lib/layer.js:152:17)\n' +
    '    at next (/app/node_modules/router/lib/route.js:157:13)\n' +
    '    at Route.dispatch (/app/node_modules/router/lib/route.js:117:3)\n' +
    '    at handle (/app/node_modules/router/index.js:435:11)\n' +
    '    at Layer.handleRequest (/app/node_modules/router/lib/layer.js:152:17)\n' +
    '    at /app/node_modules/router/index.js:295:15\n' +
    '    at processParams (/app/node_modules/router/index.js:582:12)\n' +
    '    at next (/app/node_modules/router/index.js:291:5)\n' +
    '    at Function.handle (/app/node_modules/router/index.js:186:3)',
  level: 'error',
  timestamp: '2026-07-30T05:52:46.424Z'
}
{
  message: '[AuthController] Refresh Tokens',
  level: 'info',
  timestamp: '2026-07-30T05:52:46.470Z'
}
{
  message: 'Fetching user details for ID: c5364d4b-1e79-40c7-9033-1c9e724ab320',
  level: 'debug',
  timestamp: '2026-07-30T05:52:46.668Z'
}
{
  message: '[Cache Miss] Tìm user ID: c5364d4b-1e79-40c7-9033-1c9e724ab320 trong Database',
  level: 'debug',
  timestamp: '2026-07-30T05:52:46.674Z'
}
{
  message: '[AuthService] Tokens refreshed successfully for user: locdz8c@gmail.com',
  level: 'info',
  timestamp: '2026-07-30T05:52:46.793Z'
}
{
  page: '1',
  limit: '10',
  level: 'info',
  message: '[HotelController] Get all hotels with queries',
  timestamp: '2026-07-30T05:52:46.932Z'
}
{
  userId: 'c5364d4b-1e79-40c7-9033-1c9e724ab320',
  level: 'info',
  message: '[AuthController] Get Me',
  timestamp: '2026-07-30T05:52:47.017Z'
}
{
  message: 'Fetching user details for ID: c5364d4b-1e79-40c7-9033-1c9e724ab320',
  level: 'debug',
  timestamp: '2026-07-30T05:52:47.018Z'
}
{
  message: '[Cache Hit] Lấy thông tin user ID: c5364d4b-1e79-40c7-9033-1c9e724ab320 từ Redis',
  level: 'debug',
  timestamp: '2026-07-30T05:52:47.034Z'
}
{
  page: '1',
  limit: '10',
  level: 'info',
  message: '[HotelController] Get all hotels with queries',
  timestamp: '2026-07-30T05:52:47.042Z'
}
{
  userId: 'c5364d4b-1e79-40c7-9033-1c9e724ab320',
  level: 'info',
  message: '[AuthController] Get Me',
  timestamp: '2026-07-30T05:52:47.064Z'
}
{
  message: 'Fetching user details for ID: c5364d4b-1e79-40c7-9033-1c9e724ab320',
  level: 'debug',
  timestamp: '2026-07-30T05:52:47.065Z'
}
{
  message: '[Cache Hit] Lấy thông tin user ID: c5364d4b-1e79-40c7-9033-1c9e724ab320 từ Redis',
  level: 'debug',
  timestamp: '2026-07-30T05:52:47.079Z'
}
{
  email: 'hieu.tt.2455@aptechlearning.edu.vn',
  level: 'info',
  message: '[AuthController] Login with Password',
  timestamp: '2026-07-30T05:52:57.271Z'
}
{
  message: 'GLOBAL ERROR HANDLER CAUGHT: Error: Tài khoản hoặc mật khẩu không chính xác.\n' +
    '    at AuthService.loginWithPassword (/app/src/modules/auth/services/authService.ts:125:13)\n' +
    '    at process.processTicksAndRejections (node:internal/process/task_queues:95:5)\n' +
    '    at async loginWithPassword (/app/src/modules/auth/controllers/authController.ts:88:20)',
  level: 'error',
  timestamp: '2026-07-30T05:52:57.302Z'
}
{
  message: '[AuthController] Refresh Tokens',
  level: 'info',
  timestamp: '2026-07-30T05:52:57.316Z'
}
{
  message: 'Fetching user details for ID: c5364d4b-1e79-40c7-9033-1c9e724ab320',
  level: 'debug',
  timestamp: '2026-07-30T05:52:57.323Z'
}
{
  message: '[Cache Hit] Lấy thông tin user ID: c5364d4b-1e79-40c7-9033-1c9e724ab320 từ Redis',
  level: 'debug',
  timestamp: '2026-07-30T05:52:57.324Z'
}
{
  message: '[AuthService] Tokens refreshed successfully for user: locdz8c@gmail.com',
  level: 'info',
  timestamp: '2026-07-30T05:52:57.336Z'
}
{
  userId: 'c5364d4b-1e79-40c7-9033-1c9e724ab320',
  level: 'info',
  message: '[AuthController] Get Me',
  timestamp: '2026-07-30T05:52:57.357Z'
}
{
  message: 'Fetching user details for ID: c5364d4b-1e79-40c7-9033-1c9e724ab320',
  level: 'debug',
  timestamp: '2026-07-30T05:52:57.358Z'
}
{
  message: '[Cache Hit] Lấy thông tin user ID: c5364d4b-1e79-40c7-9033-1c9e724ab320 từ Redis',
  level: 'debug',
  timestamp: '2026-07-30T05:52:57.360Z'
}
{
  email: 'hieu.tt.2455@aptechlearning.edu.vn',
  level: 'info',
  message: '[AuthController] Login with Password',
  timestamp: '2026-07-30T05:52:57.393Z'
}
{
  message: 'GLOBAL ERROR HANDLER CAUGHT: Error: Tài khoản hoặc mật khẩu không chính xác.\n' +
    '    at AuthService.loginWithPassword (/app/src/modules/auth/services/authService.ts:125:13)\n' +
    '    at process.processTicksAndRejections (node:internal/process/task_queues:95:5)\n' +
    '    at async loginWithPassword (/app/src/modules/auth/controllers/authController.ts:88:20)',
  level: 'error',
  timestamp: '2026-07-30T05:52:57.396Z'
}
{
  email: 'hieu.tt.2455@aptechlearning.edu.vn',
  level: 'info',
  message: '[AuthController] Send OTP',
  timestamp: '2026-07-30T05:53:03.437Z'
}
{
  message: 'Đã gửi email tới hieu.tt.2455@aptechlearning.edu.vn',
  level: 'info',
  timestamp: '2026-07-30T05:53:07.292Z'
}
{
  email: undefined,
  level: 'info',
  message: '[AuthController] Verify OTP and Login',
  timestamp: '2026-07-30T05:53:31.467Z'
}
{
  message: 'Fetching user details for Email: hieu.tt.2455@aptechlearning.edu.vn',
  level: 'debug',
  timestamp: '2026-07-30T05:53:31.481Z'
}
{
  message: '[Cache Miss] Tìm email hieu.tt.2455@aptechlearning.edu.vn trong Database',
  level: 'debug',
  timestamp: '2026-07-30T05:53:31.483Z'
}
{
  message: 'User with Email hieu.tt.2455@aptechlearning.edu.vn not found',
  level: 'warn',
  timestamp: '2026-07-30T05:53:31.503Z'
}
{
  userId: 'd0733a5b-cfc3-4703-af80-f16b84f662ab',
  email: 'hieu.tt.2455@aptechlearning.edu.vn',
  level: 'info',
  message: 'User created successfully by admin',
  timestamp: '2026-07-30T05:53:31.546Z'
}
{
  message: 'User ID d0733a5b-cfc3-4703-af80-f16b84f662ab đăng nhập thành công. Đã làm sạch lịch sử đăng nhập sai.',
  level: 'info',
  timestamp: '2026-07-30T05:53:31.553Z'
}
{
  message: '[AuthService] OTP Login successful for user: hieu.tt.2455@aptechlearning.edu.vn',
  level: 'info',
  timestamp: '2026-07-30T05:53:31.561Z'
}
{
  page: '1',
  limit: '10',
  level: 'info',
  message: '[HotelController] Get all hotels with queries',
  timestamp: '2026-07-30T05:53:31.682Z'
}
{
  page: '1',
  limit: '10',
  level: 'info',
  message: '[HotelController] Get all hotels with queries',
  timestamp: '2026-07-30T05:53:31.700Z'
}
{
  email: 'hieu.tt.2455@aptechlearning.edu.vn',
  level: 'info',
  message: '[AuthController] Check Email',
  timestamp: '2026-07-30T05:53:35.909Z'
}
{
  message: 'Fetching user details for Email: hieu.tt.2455@aptechlearning.edu.vn',
  level: 'debug',
  timestamp: '2026-07-30T05:53:35.910Z'
}
{
  message: '[Cache Miss] Tìm email hieu.tt.2455@aptechlearning.edu.vn trong Database',
  level: 'debug',
  timestamp: '2026-07-30T05:53:35.911Z'
}
{
  page: '1',
  limit: '10',
  level: 'info',
  message: '[HotelController] Get all hotels with queries',
  timestamp: '2026-07-30T05:53:44.653Z'
}
{
  page: '1',
  limit: '10',
  level: 'info',
  message: '[HotelController] Get all hotels with queries',
  timestamp: '2026-07-30T05:53:44.672Z'
}
{
  userId: 'd0733a5b-cfc3-4703-af80-f16b84f662ab',
  level: 'info',
  message: '[AuthController] Get Me',
  timestamp: '2026-07-30T05:54:51.767Z'
}
{
  message: 'Fetching user details for ID: d0733a5b-cfc3-4703-af80-f16b84f662ab',
  level: 'debug',
  timestamp: '2026-07-30T05:54:51.768Z'
}
{
  message: '[Cache Miss] Tìm user ID: d0733a5b-cfc3-4703-af80-f16b84f662ab trong Database',
  level: 'debug',
  timestamp: '2026-07-30T05:54:51.769Z'
}
{
  userId: 'd0733a5b-cfc3-4703-af80-f16b84f662ab',
  level: 'info',
  message: '[AuthController] Get Me',
  timestamp: '2026-07-30T05:54:51.833Z'
}
{
  message: 'Fetching user details for ID: d0733a5b-cfc3-4703-af80-f16b84f662ab',
  level: 'debug',
  timestamp: '2026-07-30T05:54:51.834Z'
}
{
  message: '[Cache Hit] Lấy thông tin user ID: d0733a5b-cfc3-4703-af80-f16b84f662ab từ Redis',
  level: 'debug',
  timestamp: '2026-07-30T05:54:51.835Z'
}
{
  message: '[SchedulerService] Đang kiểm tra các booking hết hạn thanh toán...',
  level: 'info',
  timestamp: '2026-07-30T05:55:00.321Z'
}
{
  email: 'hieu.tt.2455@aptechlearning.edu.vn',
  level: 'info',
  message: '[AuthController] Check Email',
  timestamp: '2026-07-30T05:55:46.271Z'
}
{
  message: 'Fetching user details for Email: hieu.tt.2455@aptechlearning.edu.vn',
  level: 'debug',
  timestamp: '2026-07-30T05:55:46.271Z'
}
{
  message: '[Cache Hit] Lấy thông tin email hieu.tt.2455@aptechlearning.edu.vn từ Redis',
  level: 'debug',
  timestamp: '2026-07-30T05:55:46.272Z'
}
{
  email: 'hieu.tt.2455@aptechlearning.edu.vn',
  level: 'info',
  message: '[AuthController] Register Partner',
  timestamp: '2026-07-30T05:55:59.039Z'
}
{
  message: 'Fetching user details for Email: hieu.tt.2455@aptechlearning.edu.vn',
  level: 'debug',
  timestamp: '2026-07-30T05:55:59.042Z'
}
{
  message: '[Cache Hit] Lấy thông tin email hieu.tt.2455@aptechlearning.edu.vn từ Redis',
  level: 'debug',
  timestamp: '2026-07-30T05:55:59.045Z'
}
{
  message: 'GLOBAL ERROR HANDLER CAUGHT: PrismaClientKnownRequestError: \n' +
    'Invalid `prismaTx.userProfile.update()` invocation in\n' +
    '/app/src/modules/auth/services/authService.ts:212:36\n' +
    '\n' +
    '  209   }\n' +
    '  210 });\n' +
    '  211 \n' +
    '→ 212 await prismaTx.userProfile.update(\n' +
    'Unique constraint failed on the fields: (`phone_number`)\n' +
    '    at zr.handleRequestError (/app/generated/prisma/runtime/client.js:69:8286)\n' +
    '    at zr.handleAndLogRequestError (/app/generated/prisma/runtime/client.js:69:7581)\n' +
    '    at zr.request (/app/generated/prisma/runtime/client.js:69:7288)\n' +
    '    at process.processTicksAndRejections (node:internal/process/task_queues:95:5)\n' +
    '    at async a (/app/generated/prisma/runtime/client.js:79:6862)\n' +
    '    at async <anonymous> (/app/src/modules/auth/services/authService.ts:212:9)\n' +
    '    at async Proxy._transactionWithCallback (/app/generated/prisma/runtime/client.js:79:4800)\n' +
    '    at async registerPartner (/app/src/modules/auth/controllers/authController.ts:116:20)',
  level: 'error',
  timestamp: '2026-07-30T05:55:59.166Z'
}
{
  message: '[SchedulerService] Đang kiểm tra các booking hết hạn thanh toán...',
  level: 'info',
  timestamp: '2026-07-30T06:00:00.748Z'
}
{
  email: 'hieu.tt.2455@aptechlearning.edu.vn',
  level: 'info',
  message: '[AuthController] Register Partner',
  timestamp: '2026-07-30T06:04:39.091Z'
}
{
  message: 'Fetching user details for Email: hieu.tt.2455@aptechlearning.edu.vn',
  level: 'debug',
  timestamp: '2026-07-30T06:04:39.093Z'
}
{
  message: '[Cache Hit] Lấy thông tin email hieu.tt.2455@aptechlearning.edu.vn từ Redis',
  level: 'debug',
  timestamp: '2026-07-30T06:04:39.118Z'
}
{
  message: 'GLOBAL ERROR HANDLER CAUGHT: PrismaClientKnownRequestError: \n' +
    'Invalid `prismaTx.userProfile.update()` invocation in\n' +
    '/app/src/modules/auth/services/authService.ts:212:36\n' +
    '\n' +
    '  209   }\n' +
    '  210 });\n' +
    '  211 \n' +
    '→ 212 await prismaTx.userProfile.update(\n' +
    'Unique constraint failed on the fields: (`phone_number`)\n' +
    '    at zr.handleRequestError (/app/generated/prisma/runtime/client.js:69:8286)\n' +
    '    at zr.handleAndLogRequestError (/app/generated/prisma/runtime/client.js:69:7581)\n' +
    '    at zr.request (/app/generated/prisma/runtime/client.js:69:7288)\n' +
    '    at process.processTicksAndRejections (node:internal/process/task_queues:95:5)\n' +
    '    at async a (/app/generated/prisma/runtime/client.js:79:6862)\n' +
    '    at async <anonymous> (/app/src/modules/auth/services/authService.ts:212:9)\n' +
    '    at async Proxy._transactionWithCallback (/app/generated/prisma/runtime/client.js:79:4800)\n' +
    '    at async registerPartner (/app/src/modules/auth/controllers/authController.ts:116:20)',
  level: 'error',
  timestamp: '2026-07-30T06:04:39.285Z'
}
{
  message: '[SchedulerService] Đang kiểm tra các booking hết hạn thanh toán...',
  level: 'info',
  timestamp: '2026-07-30T06:05:01.093Z'
}
{
  page: '1',
  limit: '10',
  level: 'info',
  message: '[HotelController] Get all hotels with queries',
  timestamp: '2026-07-30T06:06:52.375Z'
}
{
  page: '1',
  limit: '10',
  level: 'info',
  message: '[HotelController] Get all hotels with queries',
  timestamp: '2026-07-30T06:06:52.385Z'
}
{
  message: 'JWT Verification Error: jwt expired',
  level: 'error',
  timestamp: '2026-07-30T06:06:53.553Z'
}
{
  message: 'GLOBAL ERROR HANDLER CAUGHT: Error: Phiên đăng nhập đã hết hạn. Vui lòng lấy Token mới.\n' +
    '    at authMiddleware (/app/src/middlewares/authMiddleware.ts:80:9)\n' +
    '    at Layer.handleRequest (/app/node_modules/router/lib/layer.js:152:17)\n' +
    '    at next (/app/node_modules/router/lib/route.js:157:13)\n' +
    '    at Route.dispatch (/app/node_modules/router/lib/route.js:117:3)\n' +
    '    at handle (/app/node_modules/router/index.js:435:11)\n' +
    '    at Layer.handleRequest (/app/node_modules/router/lib/layer.js:152:17)\n' +
    '    at /app/node_modules/router/index.js:295:15\n' +
    '    at processParams (/app/node_modules/router/index.js:582:12)\n' +
    '    at next (/app/node_modules/router/index.js:291:5)\n' +
    '    at Function.handle (/app/node_modules/router/index.js:186:3)',
  level: 'error',
  timestamp: '2026-07-30T06:06:53.555Z'
}
{
  message: 'JWT Verification Error: jwt expired',
  level: 'error',
  timestamp: '2026-07-30T06:06:53.562Z'
}
{
  message: 'GLOBAL ERROR HANDLER CAUGHT: Error: Phiên đăng nhập đã hết hạn. Vui lòng lấy Token mới.\n' +
    '    at authMiddleware (/app/src/middlewares/authMiddleware.ts:80:9)\n' +
    '    at Layer.handleRequest (/app/node_modules/router/lib/layer.js:152:17)\n' +
    '    at next (/app/node_modules/router/lib/route.js:157:13)\n' +
    '    at Route.dispatch (/app/node_modules/router/lib/route.js:117:3)\n' +
    '    at handle (/app/node_modules/router/index.js:435:11)\n' +
    '    at Layer.handleRequest (/app/node_modules/router/lib/layer.js:152:17)\n' +
    '    at /app/node_modules/router/index.js:295:15\n' +
    '    at processParams (/app/node_modules/router/index.js:582:12)\n' +
    '    at next (/app/node_modules/router/index.js:291:5)\n' +
    '    at Function.handle (/app/node_modules/router/index.js:186:3)',
  level: 'error',
  timestamp: '2026-07-30T06:06:53.565Z'
}
{
  message: '[AuthController] Refresh Tokens',
  level: 'info',
  timestamp: '2026-07-30T06:06:53.604Z'
}
{
  message: 'GLOBAL ERROR HANDLER CAUGHT: Error: Refresh Token không hợp lệ hoặc đã bị đăng xuất.\n' +
    '    at AuthService.refreshTokens (/app/src/modules/auth/services/authService.ts:271:13)\n' +
    '    at process.processTicksAndRejections (node:internal/process/task_queues:95:5)\n' +
    '    at async refreshTokens (/app/src/modules/auth/controllers/authController.ts:147:20)',
  level: 'error',
  timestamp: '2026-07-30T06:06:53.620Z'
}
{
  email: 'hieu.tt.2455@aptechlearning.edu.vn',
  level: 'info',
  message: '[AuthController] Send OTP',
  timestamp: '2026-07-30T06:06:58.905Z'
}
{
  message: 'Đã gửi email tới hieu.tt.2455@aptechlearning.edu.vn',
  level: 'info',
  timestamp: '2026-07-30T06:07:03.009Z'
}
{
  email: undefined,
  level: 'info',
  message: '[AuthController] Verify OTP and Login',
  timestamp: '2026-07-30T06:07:14.244Z'
}
{
  message: 'Fetching user details for Email: hieu.tt.2455@aptechlearning.edu.vn',
  level: 'debug',
  timestamp: '2026-07-30T06:07:14.269Z'
}
{
  message: '[Cache Hit] Lấy thông tin email hieu.tt.2455@aptechlearning.edu.vn từ Redis',
  level: 'debug',
  timestamp: '2026-07-30T06:07:14.278Z'
}
{
  message: 'GLOBAL ERROR HANDLER CAUGHT: PrismaClientKnownRequestError: \n' +
    'Invalid `this.getClient(tx).user.update()` invocation in\n' +
    '/app/src/modules/user/repositories/userRepository.ts:99:35\n' +
    '\n' +
    '  96 }\n' +
    '  97 \n' +
    '  98 async resetLoginAttempts(id: string, tx?: TxClient): Promise<void> {\n' +
    '→ 99   await this.getClient(tx).user.update(\n' +
    'An operation failed because it depends on one or more records that were required but not found. No record was found for an update.\n' +
    '    at zr.handleRequestError (/app/generated/prisma/runtime/client.js:69:8286)\n' +
    '    at zr.handleAndLogRequestError (/app/generated/prisma/runtime/client.js:69:7581)\n' +
    '    at zr.request (/app/generated/prisma/runtime/client.js:69:7288)\n' +
    '    at process.processTicksAndRejections (node:internal/process/task_queues:95:5)\n' +
    '    at async a (/app/generated/prisma/runtime/client.js:79:6862)\n' +
    '    at async UserRepository.resetLoginAttempts (/app/src/modules/user/repositories/userRepository.ts:99:5)\n' +
    '    at async UserService.handleLoginSuccess (/app/src/modules/user/services/userService.ts:235:5)\n' +
    '    at async <anonymous> (/app/src/modules/auth/services/authService.ts:97:7)\n' +
    '    at async Proxy._transactionWithCallback (/app/generated/prisma/runtime/client.js:79:4800)\n' +
    '    at async verifyOtpAndLogin (/app/src/modules/auth/controllers/authController.ts:58:20)',
  level: 'error',
  timestamp: '2026-07-30T06:07:14.309Z'
}
{
  email: undefined,
  level: 'info',
  message: '[AuthController] Verify OTP and Login',
  timestamp: '2026-07-30T06:07:24.810Z'
}
{
  message: 'GLOBAL ERROR HANDLER CAUGHT: Error: Mã OTP không hợp lệ hoặc đã hết hạn.\n' +
    '    at AuthService.verifyOtpAndLogin (/app/src/modules/auth/services/authService.ts:74:13)\n' +
    '    at process.processTicksAndRejections (node:internal/process/task_queues:95:5)\n' +
    '    at async verifyOtpAndLogin (/app/src/modules/auth/controllers/authController.ts:58:20)',
  level: 'error',
  timestamp: '2026-07-30T06:07:24.816Z'
}
{
  email: undefined,
  level: 'info',
  message: '[AuthController] Verify OTP and Login',
  timestamp: '2026-07-30T06:08:01.006Z'
}
{
  message: 'GLOBAL ERROR HANDLER CAUGHT: Error: Mã OTP không hợp lệ hoặc đã hết hạn.\n' +
    '    at AuthService.verifyOtpAndLogin (/app/src/modules/auth/services/authService.ts:74:13)\n' +
    '    at process.processTicksAndRejections (node:internal/process/task_queues:95:5)\n' +
    '    at async verifyOtpAndLogin (/app/src/modules/auth/controllers/authController.ts:58:20)',
  level: 'error',
  timestamp: '2026-07-30T06:08:01.013Z'
}
{
  message: '[SchedulerService] Đang kiểm tra các booking hết hạn thanh toán...',
  level: 'info',
  timestamp: '2026-07-30T06:10:01.408Z'
}
{
  message: '[SchedulerService] Đang kiểm tra các booking hết hạn thanh toán...',
  level: 'info',
  timestamp: '2026-07-30T06:15:01.510Z'
}
{
  email: 'hieu.tt.2455@aptechlearning.edu.vn',
  level: 'info',
  message: '[AuthController] Send OTP',
  timestamp: '2026-07-30T06:18:52.806Z'
}
{
  message: 'Đã gửi email tới hieu.tt.2455@aptechlearning.edu.vn',
  level: 'info',
  timestamp: '2026-07-30T06:18:56.805Z'
}
{
  email: undefined,
  level: 'info',
  message: '[AuthController] Verify OTP and Login',
  timestamp: '2026-07-30T06:19:16.631Z'
}
{
  message: 'Fetching user details for Email: hieu.tt.2455@aptechlearning.edu.vn',
  level: 'debug',
  timestamp: '2026-07-30T06:19:16.654Z'
}
{
  message: '[Cache Hit] Lấy thông tin email hieu.tt.2455@aptechlearning.edu.vn từ Redis',
  level: 'debug',
  timestamp: '2026-07-30T06:19:16.655Z'
}
{
  message: 'GLOBAL ERROR HANDLER CAUGHT: PrismaClientKnownRequestError: \n' +
    'Invalid `prisma.user.update()` invocation:\n' +
    '\n' +
    '\n' +
    'An operation failed because it depends on one or more records that were required but not found. No record was found for an update.\n' +
    '    at zr.handleRequestError (/app/generated/prisma/runtime/client.js:69:8286)\n' +
    '    at zr.handleAndLogRequestError (/app/generated/prisma/runtime/client.js:69:7581)\n' +
    '    at zr.request (/app/generated/prisma/runtime/client.js:69:7288)\n' +
    '    at process.processTicksAndRejections (node:internal/process/task_queues:95:5)\n' +
    '    at async a (/app/generated/prisma/runtime/client.js:79:6862)\n' +
    '    at async UserRepository.resetLoginAttempts (/app/src/modules/user/repositories/userRepository.ts:99:5)\n' +
    '    at async UserService.handleLoginSuccess (/app/src/modules/user/services/userService.ts:235:5)\n' +
    '    at async <anonymous> (/app/src/modules/auth/services/authService.ts:97:7)\n' +
    '    at async Proxy._transactionWithCallback (/app/generated/prisma/runtime/client.js:79:4800)\n' +
    '    at async verifyOtpAndLogin (/app/src/modules/auth/controllers/authController.ts:58:20)',
  level: 'error',
  timestamp: '2026-07-30T06:19:16.672Z'
}
{
  message: '[SchedulerService] Đang kiểm tra các booking hết hạn thanh toán...',
  level: 'info',
  timestamp: '2026-07-30T06:20:01.553Z'
}
{
  message: 'Nhận tín hiệu SIGTERM. Đang đóng API Server...',
  level: 'info',
  timestamp: '2026-07-30T06:21:40.771Z'
}
{
  message: 'Express HTTP server đã đóng.',
  level: 'info',
  timestamp: '2026-07-30T06:21:40.773Z'
}
{
  message: '[Redis] Đã đóng kết nối Redis',
  level: 'info',
  timestamp: '2026-07-30T06:21:40.774Z'
}
{
  message: '[SchedulerService] Khởi tạo các cron job...',
  level: 'info',
  timestamp: '2026-07-30T06:21:51.964Z'
}
{
  message: 'Booking API Service đang chạy tại port 3000 (Môi trường: development)',
  level: 'info',
  timestamp: '2026-07-30T06:21:52.032Z'
}
{
  message: '[Redis] Kết nối thành công tới Redis server',
  level: 'info',
  timestamp: '2026-07-30T06:21:52.039Z'
}
{
  message: 'Nhận tín hiệu SIGTERM. Đang đóng API Server...',
  level: 'info',
  timestamp: '2026-07-30T06:24:19.109Z'
}
{
  message: 'Express HTTP server đã đóng.',
  level: 'info',
  timestamp: '2026-07-30T06:24:19.111Z'
}
{
  message: '[Redis] Đã đóng kết nối Redis',
  level: 'info',
  timestamp: '2026-07-30T06:24:19.112Z'
}
{
  message: '[SchedulerService] Khởi tạo các cron job...',
  level: 'info',
  timestamp: '2026-07-30T06:24:27.654Z'
}
{
  message: 'Booking API Service đang chạy tại port 3000 (Môi trường: development)',
  level: 'info',
  timestamp: '2026-07-30T06:24:27.707Z'
}
{
  message: '[Redis] Kết nối thành công tới Redis server',
  level: 'info',
  timestamp: '2026-07-30T06:24:27.713Z'
}
{
  email: 'hieu.tt.2455@aptechlearning.edu.vn',
  level: 'info',
  message: '[AuthController] Send OTP',
  timestamp: '2026-07-30T06:24:49.811Z'
}
{
  message: 'Đã gửi email tới hieu.tt.2455@aptechlearning.edu.vn',
  level: 'info',
  timestamp: '2026-07-30T06:24:53.714Z'
}
{
  message: '[SchedulerService] Đang kiểm tra các booking hết hạn thanh toán...',
  level: 'info',
  timestamp: '2026-07-30T06:25:00.170Z'
}
{
  email: undefined,
  level: 'info',
  message: '[AuthController] Verify OTP and Login',
  timestamp: '2026-07-30T06:25:05.957Z'
}
{
  message: 'Fetching user details for Email: hieu.tt.2455@aptechlearning.edu.vn',
  level: 'debug',
  timestamp: '2026-07-30T06:25:05.965Z'
}
{
  message: '[Cache Hit] Lấy thông tin email hieu.tt.2455@aptechlearning.edu.vn từ Redis',
  level: 'debug',
  timestamp: '2026-07-30T06:25:05.966Z'
}
{
  message: 'User ID d0733a5b-cfc3-4703-af80-f16b84f662ab đăng nhập thành công. Đã làm sạch lịch sử đăng nhập sai.',
  level: 'info',
  timestamp: '2026-07-30T06:25:06.002Z'
}
{
  message: 'GLOBAL ERROR HANDLER CAUGHT: PrismaClientKnownRequestError: \n' +
    'Invalid `client.refreshToken.create()` invocation in\n' +
    '/app/src/modules/auth/repositories/refreshTokenRepository.ts:18:32\n' +
    '\n' +
    '  15 \n' +
    '  16 create(data: Prisma.RefreshTokenUncheckedCreateInput, tx?: TxClient): Promise<RefreshToken> {\n' +
    '  17   const client  = tx || this.prisma;\n' +
    '→ 18   return client.refreshToken.create(\n' +
    'Foreign key constraint violated on the constraint: `refresh_tokens_user_id_fkey`\n' +
    '    at zr.handleRequestError (/app/generated/prisma/runtime/client.js:69:8286)\n' +
    '    at zr.handleAndLogRequestError (/app/generated/prisma/runtime/client.js:69:7581)\n' +
    '    at zr.request (/app/generated/prisma/runtime/client.js:69:7288)\n' +
    '    at process.processTicksAndRejections (node:internal/process/task_queues:95:5)\n' +
    '    at async a (/app/generated/prisma/runtime/client.js:79:6862)\n' +
    '    at async <anonymous> (/app/src/modules/auth/services/authService.ts:106:7)\n' +
    '    at async Proxy._transactionWithCallback (/app/generated/prisma/runtime/client.js:79:4800)\n' +
    '    at async verifyOtpAndLogin (/app/src/modules/auth/controllers/authController.ts:58:20)',
  level: 'error',
  timestamp: '2026-07-30T06:25:06.028Z'
}
{
  message: '[SchedulerService] Đang kiểm tra các booking hết hạn thanh toán...',
  level: 'info',
  timestamp: '2026-07-30T06:30:01.641Z'
}
{
  message: '[Redis] Kết nối thành công tới Redis server',
  level: 'info',
  timestamp: '2026-07-30T06:34:07.651Z'
}
{
  message: '[Redis] Kết nối thành công tới Redis server',
  level: 'info',
  timestamp: '2026-07-30T06:34:47.829Z'
}
{
  message: 'Fetching user details for Email: testauth-1785393287705@example.com',
  level: 'debug',
  timestamp: '2026-07-30T06:34:47.851Z'
}
{
  message: '[Cache Miss] Tìm email testauth-1785393287705@example.com trong Database',
  level: 'debug',
  timestamp: '2026-07-30T06:34:47.852Z'
}
{
  message: 'User with Email testauth-1785393287705@example.com not found',
  level: 'warn',
  timestamp: '2026-07-30T06:34:47.926Z'
}
{
  userId: 'df1b1dae-2efe-45f6-b010-ac2291626581',
  email: 'testauth-1785393287705@example.com',
  level: 'info',
  message: 'User created successfully by admin',
  timestamp: '2026-07-30T06:34:47.969Z'
}
{
  message: '[AuthService] OTP Login successful for user: testauth-1785393287705@example.com',
  level: 'info',
  timestamp: '2026-07-30T06:34:48.034Z'
}
{
  message: '[SchedulerService] Đang kiểm tra các booking hết hạn thanh toán...',
  level: 'info',
  timestamp: '2026-07-30T06:35:01.693Z'
}
{
  message: 'Fetching user details for Email: testauth-1785393452298@example.com',
  level: 'debug',
  timestamp: '2026-07-30T06:37:32.299Z'
}
{
  message: '[Redis] Kết nối thành công tới Redis server',
  level: 'info',
  timestamp: '2026-07-30T06:37:32.315Z'
}
{
  message: '[Cache Miss] Tìm email testauth-1785393452298@example.com trong Database',
  level: 'debug',
  timestamp: '2026-07-30T06:37:32.322Z'
}
{
  message: 'User with Email testauth-1785393452298@example.com not found',
  level: 'warn',
  timestamp: '2026-07-30T06:37:32.517Z'
}
{
  userId: 'dd7b6547-1dc3-45ce-aa95-a6136a4f3986',
  email: 'testauth-1785393452298@example.com',
  level: 'info',
  message: 'User created successfully by admin',
  timestamp: '2026-07-30T06:37:32.626Z'
}
{
  message: '[AuthService] OTP Login successful for user: testauth-1785393452298@example.com',
  level: 'info',
  timestamp: '2026-07-30T06:37:32.636Z'
}
{
  page: '1',
  limit: '10',
  level: 'info',
  message: '[HotelController] Get all hotels with queries',
  timestamp: '2026-07-30T06:38:20.069Z'
}
{
  page: '1',
  limit: '10',
  level: 'info',
  message: '[HotelController] Get all hotels with queries',
  timestamp: '2026-07-30T06:38:20.152Z'
}
{
  email: 'hieu.tt.2455@aptechlearning.edu.vn',
  level: 'info',
  message: '[AuthController] Send OTP',
  timestamp: '2026-07-30T06:38:24.408Z'
}
{
  message: 'Đã gửi email tới hieu.tt.2455@aptechlearning.edu.vn',
  level: 'info',
  timestamp: '2026-07-30T06:38:28.066Z'
}
{
  email: undefined,
  level: 'info',
  message: '[AuthController] Verify OTP and Login',
  timestamp: '2026-07-30T06:38:37.639Z'
}
{
  message: 'Fetching user details for Email: hieu.tt.2455@aptechlearning.edu.vn',
  level: 'debug',
  timestamp: '2026-07-30T06:38:37.656Z'
}
{
  message: '[Cache Hit] Lấy thông tin email hieu.tt.2455@aptechlearning.edu.vn từ Redis',
  level: 'debug',
  timestamp: '2026-07-30T06:38:37.659Z'
}
{
  message: 'User ID d0733a5b-cfc3-4703-af80-f16b84f662ab đăng nhập thành công. Đã làm sạch lịch sử đăng nhập sai.',
  level: 'info',
  timestamp: '2026-07-30T06:38:37.707Z'
}
{
  message: 'GLOBAL ERROR HANDLER CAUGHT: PrismaClientKnownRequestError: \n' +
    'Invalid `client.refreshToken.create()` invocation in\n' +
    '/app/src/modules/auth/repositories/refreshTokenRepository.ts:18:32\n' +
    '\n' +
    '  15 \n' +
    '  16 create(data: Prisma.RefreshTokenUncheckedCreateInput, tx?: TxClient): Promise<RefreshToken> {\n' +
    '  17   const client  = tx || this.prisma;\n' +
    '→ 18   return client.refreshToken.create(\n' +
    'Foreign key constraint violated on the constraint: `refresh_tokens_user_id_fkey`\n' +
    '    at zr.handleRequestError (/app/generated/prisma/runtime/client.js:69:8286)\n' +
    '    at zr.handleAndLogRequestError (/app/generated/prisma/runtime/client.js:69:7581)\n' +
    '    at zr.request (/app/generated/prisma/runtime/client.js:69:7288)\n' +
    '    at process.processTicksAndRejections (node:internal/process/task_queues:95:5)\n' +
    '    at async a (/app/generated/prisma/runtime/client.js:79:6862)\n' +
    '    at async <anonymous> (/app/src/modules/auth/services/authService.ts:106:7)\n' +
    '    at async Proxy._transactionWithCallback (/app/generated/prisma/runtime/client.js:79:4800)\n' +
    '    at async verifyOtpAndLogin (/app/src/modules/auth/controllers/authController.ts:58:20)',
  level: 'error',
  timestamp: '2026-07-30T06:38:37.736Z'
}
{
  message: '[SchedulerService] Đang kiểm tra các booking hết hạn thanh toán...',
  level: 'info',
  timestamp: '2026-07-30T06:40:01.765Z'
}
{
  message: 'Nhận tín hiệu SIGTERM. Đang đóng API Server...',
  level: 'info',
  timestamp: '2026-07-30T06:43:19.353Z'
}
{
  message: 'Express HTTP server đã đóng.',
  level: 'info',
  timestamp: '2026-07-30T06:43:19.355Z'
}
{
  message: '[Redis] Đã đóng kết nối Redis',
  level: 'info',
  timestamp: '2026-07-30T06:43:19.356Z'
}
{
  message: '[SchedulerService] Khởi tạo các cron job...',
  level: 'info',
  timestamp: '2026-07-30T06:45:18.745Z'
}
{
  message: 'Booking API Service đang chạy tại port 3000 (Môi trường: development)',
  level: 'info',
  timestamp: '2026-07-30T06:45:18.831Z'
}
{
  message: '[Redis] Kết nối thành công tới Redis server',
  level: 'info',
  timestamp: '2026-07-30T06:45:18.841Z'
}
{
  email: 'hieu.tt.2455@aptechlearning.edu.vn',
  level: 'info',
  message: '[AuthController] Send OTP',
  timestamp: '2026-07-30T06:45:34.126Z'
}
{
  message: 'Đã gửi email tới hieu.tt.2455@aptechlearning.edu.vn',
  level: 'info',
  timestamp: '2026-07-30T06:45:38.171Z'
}
{
  email: undefined,
  level: 'info',
  message: '[AuthController] Verify OTP and Login',
  timestamp: '2026-07-30T06:45:48.733Z'
}
{
  message: 'Fetching user details for Email: hieu.tt.2455@aptechlearning.edu.vn',
  level: 'debug',
  timestamp: '2026-07-30T06:45:48.736Z'
}
{
  message: '[Cache Hit] Lấy thông tin email hieu.tt.2455@aptechlearning.edu.vn từ Redis',
  level: 'debug',
  timestamp: '2026-07-30T06:45:48.740Z'
}
{
  message: 'User ID d0733a5b-cfc3-4703-af80-f16b84f662ab đăng nhập thành công. Đã làm sạch lịch sử đăng nhập sai.',
  level: 'info',
  timestamp: '2026-07-30T06:45:48.870Z'
}
{
  message: 'GLOBAL ERROR HANDLER CAUGHT: PrismaClientKnownRequestError: \n' +
    'Invalid `client.refreshToken.create()` invocation in\n' +
    '/app/src/modules/auth/repositories/refreshTokenRepository.ts:18:32\n' +
    '\n' +
    '  15 \n' +
    '  16 create(data: Prisma.RefreshTokenUncheckedCreateInput, tx?: TxClient): Promise<RefreshToken> {\n' +
    '  17   const client  = tx || this.prisma;\n' +
    '→ 18   return client.refreshToken.create(\n' +
    'Foreign key constraint violated on the constraint: `refresh_tokens_user_id_fkey`\n' +
    '    at zr.handleRequestError (/app/generated/prisma/runtime/client.js:69:8286)\n' +
    '    at zr.handleAndLogRequestError (/app/generated/prisma/runtime/client.js:69:7581)\n' +
    '    at zr.request (/app/generated/prisma/runtime/client.js:69:7288)\n' +
    '    at process.processTicksAndRejections (node:internal/process/task_queues:95:5)\n' +
    '    at async a (/app/generated/prisma/runtime/client.js:79:6862)\n' +
    '    at async AuthService.verifyOtpAndLogin (/app/src/modules/auth/services/authService.ts:103:5)\n' +
    '    at async verifyOtpAndLogin (/app/src/modules/auth/controllers/authController.ts:58:20)',
  level: 'error',
  timestamp: '2026-07-30T06:45:48.916Z'
}
{
  message: '[SchedulerService] Đang kiểm tra các booking hết hạn thanh toán...',
  level: 'info',
  timestamp: '2026-07-30T06:50:01.796Z'
}
{
  message: '[SchedulerService] Đang kiểm tra các booking hết hạn thanh toán...',
  level: 'info',
  timestamp: '2026-07-30T06:55:01.808Z'
}
{
  message: '[Redis] Đang thử kết nối lại lần 1... (delay: 50ms)',
  level: 'warn',
  timestamp: '2026-07-30T06:56:22.854Z'
}
{
  message: '[SchedulerService] Khởi tạo các cron job...',
  level: 'info',
  timestamp: '2026-07-30T06:57:29.419Z'
}
{
  message: 'Booking API Service đang chạy tại port 3000 (Môi trường: development)',
  level: 'info',
  timestamp: '2026-07-30T06:57:29.503Z'
}
{
  message: '[Redis] Kết nối thành công tới Redis server',
  level: 'info',
  timestamp: '2026-07-30T06:57:29.510Z'
}
{
  email: 'hieu.tt.2455@aptechlearning.edu.vn',
  level: 'info',
  message: '[AuthController] Register user',
  timestamp: '2026-07-30T06:57:47.436Z'
}
{
  message: 'Fetching user details for Email: hieu.tt.2455@aptechlearning.edu.vn',
  level: 'debug',
  timestamp: '2026-07-30T06:57:47.437Z'
}
{
  message: '[Cache Miss] Tìm email hieu.tt.2455@aptechlearning.edu.vn trong Database',
  level: 'debug',
  timestamp: '2026-07-30T06:57:47.439Z'
}
{
  message: 'User with Email hieu.tt.2455@aptechlearning.edu.vn not found',
  level: 'warn',
  timestamp: '2026-07-30T06:57:47.549Z'
}
{
  userId: 'a8cec9ac-9a38-447e-b2b7-6e29efea0597',
  email: 'hieu.tt.2455@aptechlearning.edu.vn',
  level: 'info',
  message: 'User created successfully by admin',
  timestamp: '2026-07-30T06:57:47.654Z'
}
{
  message: '[AuthService] Password registration successful for user: hieu.tt.2455@aptechlearning.edu.vn',
  level: 'info',
  timestamp: '2026-07-30T06:57:47.670Z'
}
{
  userId: 'a8cec9ac-9a38-447e-b2b7-6e29efea0597',
  level: 'info',
  message: '[AuthController] Get Me',
  timestamp: '2026-07-30T06:57:47.713Z'
}
{
  message: 'Fetching user details for ID: a8cec9ac-9a38-447e-b2b7-6e29efea0597',
  level: 'debug',
  timestamp: '2026-07-30T06:57:47.715Z'
}
{
  message: '[Cache Miss] Tìm user ID: a8cec9ac-9a38-447e-b2b7-6e29efea0597 trong Database',
  level: 'debug',
  timestamp: '2026-07-30T06:57:47.724Z'
}
{
  page: '1',
  limit: '10',
  level: 'info',
  message: '[HotelController] Get all hotels with queries',
  timestamp: '2026-07-30T06:57:48.216Z'
}
{
  page: '1',
  limit: '10',
  level: 'info',
  message: '[HotelController] Get all hotels with queries',
  timestamp: '2026-07-30T06:57:48.239Z'
}
{
  userId: 'a8cec9ac-9a38-447e-b2b7-6e29efea0597',
  level: 'info',
  message: '[UserController] Update profile',
  timestamp: '2026-07-30T06:58:05.665Z'
}
{
  message: 'Cập nhật hồ sơ thành công cho User ID: a8cec9ac-9a38-447e-b2b7-6e29efea0597',
  level: 'info',
  timestamp: '2026-07-30T06:58:05.735Z'
}
{
  userId: 'a8cec9ac-9a38-447e-b2b7-6e29efea0597',
  level: 'info',
  message: '[AuthController] Get Me',
  timestamp: '2026-07-30T06:58:34.381Z'
}
{
  message: 'Fetching user details for ID: a8cec9ac-9a38-447e-b2b7-6e29efea0597',
  level: 'debug',
  timestamp: '2026-07-30T06:58:34.382Z'
}
{
  message: '[Cache Miss] Tìm user ID: a8cec9ac-9a38-447e-b2b7-6e29efea0597 trong Database',
  level: 'debug',
  timestamp: '2026-07-30T06:58:34.383Z'
}
{
  userId: 'a8cec9ac-9a38-447e-b2b7-6e29efea0597',
  level: 'info',
  message: '[AuthController] Get Me',
  timestamp: '2026-07-30T06:58:34.441Z'
}
{
  message: 'Fetching user details for ID: a8cec9ac-9a38-447e-b2b7-6e29efea0597',
  level: 'debug',
  timestamp: '2026-07-30T06:58:34.441Z'
}
{
  message: '[Cache Hit] Lấy thông tin user ID: a8cec9ac-9a38-447e-b2b7-6e29efea0597 từ Redis',
  level: 'debug',
  timestamp: '2026-07-30T06:58:34.443Z'
}
{
  email: 'hieu.tt.2455@aptechlearning.edu.vn',
  level: 'info',
  message: '[AuthController] Check Email',
  timestamp: '2026-07-30T06:58:37.832Z'
}
{
  message: 'Fetching user details for Email: hieu.tt.2455@aptechlearning.edu.vn',
  level: 'debug',
  timestamp: '2026-07-30T06:58:37.832Z'
}
{
  message: '[Cache Miss] Tìm email hieu.tt.2455@aptechlearning.edu.vn trong Database',
  level: 'debug',
  timestamp: '2026-07-30T06:58:37.833Z'
}
{
  email: 'hieu.tt.2455@aptechlearning.edu.vn',
  level: 'info',
  message: '[AuthController] Register Partner',
  timestamp: '2026-07-30T06:58:51.866Z'
}
{
  message: 'Fetching user details for Email: hieu.tt.2455@aptechlearning.edu.vn',
  level: 'debug',
  timestamp: '2026-07-30T06:58:51.867Z'
}
{
  message: '[Cache Hit] Lấy thông tin email hieu.tt.2455@aptechlearning.edu.vn từ Redis',
  level: 'debug',
  timestamp: '2026-07-30T06:58:51.867Z'
}
{
  message: 'GLOBAL ERROR HANDLER CAUGHT: PrismaClientKnownRequestError: \n' +
    'Invalid `prismaTx.userProfile.update()` invocation in\n' +
    '/app/src/modules/auth/services/authService.ts:237:36\n' +
    '\n' +
    '  234   data: { role: Role.AGENT, passwordHash: passwordHash }\n' +
    '  235 });\n' +
    '  236 \n' +
    '→ 237 await prismaTx.userProfile.update(\n' +
    'Unique constraint failed on the fields: (`phone_number`)\n' +
    '    at zr.handleRequestError (/app/generated/prisma/runtime/client.js:69:8286)\n' +
    '    at zr.handleAndLogRequestError (/app/generated/prisma/runtime/client.js:69:7581)\n' +
    '    at zr.request (/app/generated/prisma/runtime/client.js:69:7288)\n' +
    '    at process.processTicksAndRejections (node:internal/process/task_queues:95:5)\n' +
    '    at async a (/app/generated/prisma/runtime/client.js:79:6862)\n' +
    '    at async <anonymous> (/app/src/modules/auth/services/authService.ts:237:9)\n' +
    '    at async Proxy._transactionWithCallback (/app/generated/prisma/runtime/client.js:79:4800)\n' +
    '    at async registerPartner (/app/src/modules/auth/controllers/authController.ts:146:20)',
  level: 'error',
  timestamp: '2026-07-30T06:58:51.967Z'
}
{
  email: 'hieu.tt.2455@aptechlearning.edu.vn',
  level: 'info',
  message: '[AuthController] Register Partner',
  timestamp: '2026-07-30T06:59:01.011Z'
}
{
  message: 'Fetching user details for Email: hieu.tt.2455@aptechlearning.edu.vn',
  level: 'debug',
  timestamp: '2026-07-30T06:59:01.012Z'
}
{
  message: '[Cache Hit] Lấy thông tin email hieu.tt.2455@aptechlearning.edu.vn từ Redis',
  level: 'debug',
  timestamp: '2026-07-30T06:59:01.014Z'
}
{
  message: 'GLOBAL ERROR HANDLER CAUGHT: PrismaClientKnownRequestError: \n' +
    'Invalid `prismaTx.userProfile.update()` invocation in\n' +
    '/app/src/modules/auth/services/authService.ts:237:36\n' +
    '\n' +
    '  234   data: { role: Role.AGENT, passwordHash: passwordHash }\n' +
    '  235 });\n' +
    '  236 \n' +
    '→ 237 await prismaTx.userProfile.update(\n' +
    'Unique constraint failed on the fields: (`phone_number`)\n' +
    '    at zr.handleRequestError (/app/generated/prisma/runtime/client.js:69:8286)\n' +
    '    at zr.handleAndLogRequestError (/app/generated/prisma/runtime/client.js:69:7581)\n' +
    '    at zr.request (/app/generated/prisma/runtime/client.js:69:7288)\n' +
    '    at process.processTicksAndRejections (node:internal/process/task_queues:95:5)\n' +
    '    at async a (/app/generated/prisma/runtime/client.js:79:6862)\n' +
    '    at async <anonymous> (/app/src/modules/auth/services/authService.ts:237:9)\n' +
    '    at async Proxy._transactionWithCallback (/app/generated/prisma/runtime/client.js:79:4800)\n' +
    '    at async registerPartner (/app/src/modules/auth/controllers/authController.ts:146:20)',
  level: 'error',
  timestamp: '2026-07-30T06:59:01.159Z'
}
{
  email: 'hieu.tt.2455@aptechlearning.edu.vn',
  level: 'info',
  message: '[AuthController] Register Partner',
  timestamp: '2026-07-30T06:59:06.189Z'
}
{
  message: 'Fetching user details for Email: hieu.tt.2455@aptechlearning.edu.vn',
  level: 'debug',
  timestamp: '2026-07-30T06:59:06.189Z'
}
{
  message: '[Cache Hit] Lấy thông tin email hieu.tt.2455@aptechlearning.edu.vn từ Redis',
  level: 'debug',
  timestamp: '2026-07-30T06:59:06.191Z'
}
{
  message: 'GLOBAL ERROR HANDLER CAUGHT: PrismaClientKnownRequestError: \n' +
    'Invalid `prismaTx.userProfile.update()` invocation in\n' +
    '/app/src/modules/auth/services/authService.ts:237:36\n' +
    '\n' +
    '  234   data: { role: Role.AGENT, passwordHash: passwordHash }\n' +
    '  235 });\n' +
    '  236 \n' +
    '→ 237 await prismaTx.userProfile.update(\n' +
    'Unique constraint failed on the fields: (`phone_number`)\n' +
    '    at zr.handleRequestError (/app/generated/prisma/runtime/client.js:69:8286)\n' +
    '    at zr.handleAndLogRequestError (/app/generated/prisma/runtime/client.js:69:7581)\n' +
    '    at zr.request (/app/generated/prisma/runtime/client.js:69:7288)\n' +
    '    at process.processTicksAndRejections (node:internal/process/task_queues:95:5)\n' +
    '    at async a (/app/generated/prisma/runtime/client.js:79:6862)\n' +
    '    at async <anonymous> (/app/src/modules/auth/services/authService.ts:237:9)\n' +
    '    at async Proxy._transactionWithCallback (/app/generated/prisma/runtime/client.js:79:4800)\n' +
    '    at async registerPartner (/app/src/modules/auth/controllers/authController.ts:146:20)',
  level: 'error',
  timestamp: '2026-07-30T06:59:06.264Z'
}
{
  message: '[SchedulerService] Đang kiểm tra các booking hết hạn thanh toán...',
  level: 'info',
  timestamp: '2026-07-30T07:00:00.910Z'
}
{
  message: 'JWT Verification Error: jwt expired',
  level: 'error',
  timestamp: '2026-07-30T07:03:52.659Z'
}
{
  message: 'GLOBAL ERROR HANDLER CAUGHT: Error: Phiên đăng nhập đã hết hạn. Vui lòng lấy Token mới.\n' +
    '    at authMiddleware (/app/src/middlewares/authMiddleware.ts:80:9)\n' +
    '    at Layer.handleRequest (/app/node_modules/router/lib/layer.js:152:17)\n' +
    '    at next (/app/node_modules/router/lib/route.js:157:13)\n' +
    '    at Route.dispatch (/app/node_modules/router/lib/route.js:117:3)\n' +
    '    at handle (/app/node_modules/router/index.js:435:11)\n' +
    '    at Layer.handleRequest (/app/node_modules/router/lib/layer.js:152:17)\n' +
    '    at /app/node_modules/router/index.js:295:15\n' +
    '    at processParams (/app/node_modules/router/index.js:582:12)\n' +
    '    at next (/app/node_modules/router/index.js:291:5)\n' +
    '    at Function.handle (/app/node_modules/router/index.js:186:3)',
  level: 'error',
  timestamp: '2026-07-30T07:03:52.662Z'
}
{
  message: 'JWT Verification Error: jwt expired',
  level: 'error',
  timestamp: '2026-07-30T07:03:52.678Z'
}
{
  message: 'GLOBAL ERROR HANDLER CAUGHT: Error: Phiên đăng nhập đã hết hạn. Vui lòng lấy Token mới.\n' +
    '    at authMiddleware (/app/src/middlewares/authMiddleware.ts:80:9)\n' +
    '    at Layer.handleRequest (/app/node_modules/router/lib/layer.js:152:17)\n' +
    '    at next (/app/node_modules/router/lib/route.js:157:13)\n' +
    '    at Route.dispatch (/app/node_modules/router/lib/route.js:117:3)\n' +
    '    at handle (/app/node_modules/router/index.js:435:11)\n' +
    '    at Layer.handleRequest (/app/node_modules/router/lib/layer.js:152:17)\n' +
    '    at /app/node_modules/router/index.js:295:15\n' +
    '    at processParams (/app/node_modules/router/index.js:582:12)\n' +
    '    at next (/app/node_modules/router/index.js:291:5)\n' +
    '    at Function.handle (/app/node_modules/router/index.js:186:3)',
  level: 'error',
  timestamp: '2026-07-30T07:03:52.679Z'
}
{
  message: '[AuthController] Refresh Tokens',
  level: 'info',
  timestamp: '2026-07-30T07:03:52.699Z'
}
{
  message: 'Fetching user details for ID: a8cec9ac-9a38-447e-b2b7-6e29efea0597',
  level: 'debug',
  timestamp: '2026-07-30T07:03:52.756Z'
}
{
  message: '[Cache Hit] Lấy thông tin user ID: a8cec9ac-9a38-447e-b2b7-6e29efea0597 từ Redis',
  level: 'debug',
  timestamp: '2026-07-30T07:03:52.759Z'
}
{
  message: '[AuthService] Tokens refreshed successfully for user: hieu.tt.2455@aptechlearning.edu.vn',
  level: 'info',
  timestamp: '2026-07-30T07:03:52.796Z'
}
{
  userId: 'a8cec9ac-9a38-447e-b2b7-6e29efea0597',
  level: 'info',
  message: '[AuthController] Get Me',
  timestamp: '2026-07-30T07:03:52.853Z'
}
{
  message: 'Fetching user details for ID: a8cec9ac-9a38-447e-b2b7-6e29efea0597',
  level: 'debug',
  timestamp: '2026-07-30T07:03:52.854Z'
}
{
  message: '[Cache Hit] Lấy thông tin user ID: a8cec9ac-9a38-447e-b2b7-6e29efea0597 từ Redis',
  level: 'debug',
  timestamp: '2026-07-30T07:03:52.856Z'
}
{
  userId: 'a8cec9ac-9a38-447e-b2b7-6e29efea0597',
  level: 'info',
  message: '[AuthController] Get Me',
  timestamp: '2026-07-30T07:03:52.870Z'
}
{
  message: 'Fetching user details for ID: a8cec9ac-9a38-447e-b2b7-6e29efea0597',
  level: 'debug',
  timestamp: '2026-07-30T07:03:52.871Z'
}
{
  message: '[Cache Hit] Lấy thông tin user ID: a8cec9ac-9a38-447e-b2b7-6e29efea0597 từ Redis',
  level: 'debug',
  timestamp: '2026-07-30T07:03:52.873Z'
}
{
  page: '1',
  limit: '10',
  level: 'info',
  message: '[HotelController] Get all hotels with queries',
  timestamp: '2026-07-30T07:03:53.798Z'
}
{
  page: '1',
  limit: '10',
  level: 'info',
  message: '[HotelController] Get all hotels with queries',
  timestamp: '2026-07-30T07:03:53.824Z'
}
{
  email: 'hieu.tt.2455@aptechlearning.edu.vn',
  level: 'info',
  message: '[AuthController] Check Email',
  timestamp: '2026-07-30T07:03:57.187Z'
}
{
  message: 'Fetching user details for Email: hieu.tt.2455@aptechlearning.edu.vn',
  level: 'debug',
  timestamp: '2026-07-30T07:03:57.187Z'
}
{
  message: '[Cache Hit] Lấy thông tin email hieu.tt.2455@aptechlearning.edu.vn từ Redis',
  level: 'debug',
  timestamp: '2026-07-30T07:03:57.187Z'
}
{
  message: 'GLOBAL ERROR HANDLER CAUGHT: ZodError: [\n' +
    '  {\n' +
    '    "code": "invalid_type",\n' +
    '    "expected": "string",\n' +
    '    "received": "undefined",\n' +
    '    "path": [\n' +
    '      "body",\n' +
    '      "password"\n' +
    '    ],\n' +
    '    "message": "Required"\n' +
    '  },\n' +
    '  {\n' +
    '    "code": "invalid_type",\n' +
    '    "expected": "string",\n' +
    '    "received": "undefined",\n' +
    '    "path": [\n' +
    '      "body",\n' +
    '      "fullName"\n' +
    '    ],\n' +
    '    "message": "Required"\n' +
    '  }\n' +
    ']\n' +
    '    at get error [as error] (file:///app/node_modules/zod/v3/types.js:39:31)\n' +
    '    at ZodObject.parseAsync (file:///app/node_modules/zod/v3/types.js:177:22)\n' +
    '    at process.processTicksAndRejections (node:internal/process/task_queues:95:5)\n' +
    '    at async <anonymous> (/app/src/middlewares/validationMiddleware.ts:12:23)',
  level: 'error',
  timestamp: '2026-07-30T07:04:01.976Z'
}
{
  message: 'GLOBAL ERROR HANDLER CAUGHT: ZodError: [\n' +
    '  {\n' +
    '    "code": "invalid_type",\n' +
    '    "expected": "string",\n' +
    '    "received": "undefined",\n' +
    '    "path": [\n' +
    '      "body",\n' +
    '      "password"\n' +
    '    ],\n' +
    '    "message": "Required"\n' +
    '  },\n' +
    '  {\n' +
    '    "code": "invalid_type",\n' +
    '    "expected": "string",\n' +
    '    "received": "undefined",\n' +
    '    "path": [\n' +
    '      "body",\n' +
    '      "fullName"\n' +
    '    ],\n' +
    '    "message": "Required"\n' +
    '  }\n' +
    ']\n' +
    '    at get error [as error] (file:///app/node_modules/zod/v3/types.js:39:31)\n' +
    '    at ZodObject.parseAsync (file:///app/node_modules/zod/v3/types.js:177:22)\n' +
    '    at process.processTicksAndRejections (node:internal/process/task_queues:95:5)\n' +
    '    at async <anonymous> (/app/src/middlewares/validationMiddleware.ts:12:23)',
  level: 'error',
  timestamp: '2026-07-30T07:04:12.314Z'
}
{
  message: '[SchedulerService] Đang kiểm tra các booking hết hạn thanh toán...',
  level: 'info',
  timestamp: '2026-07-30T07:05:01.871Z'
}
{
  message: 'JWT Verification Error: jwt expired',
  level: 'error',
  timestamp: '2026-07-30T07:08:02.690Z'
}
{
  message: 'GLOBAL ERROR HANDLER CAUGHT: Error: Phiên đăng nhập đã hết hạn. Vui lòng lấy Token mới.\n' +
    '    at authMiddleware (/app/src/middlewares/authMiddleware.ts:80:9)\n' +
    '    at Layer.handleRequest (/app/node_modules/router/lib/layer.js:152:17)\n' +
    '    at next (/app/node_modules/router/lib/route.js:157:13)\n' +
    '    at Route.dispatch (/app/node_modules/router/lib/route.js:117:3)\n' +
    '    at handle (/app/node_modules/router/index.js:435:11)\n' +
    '    at Layer.handleRequest (/app/node_modules/router/lib/layer.js:152:17)\n' +
    '    at /app/node_modules/router/index.js:295:15\n' +
    '    at processParams (/app/node_modules/router/index.js:582:12)\n' +
    '    at next (/app/node_modules/router/index.js:291:5)\n' +
    '    at Function.handle (/app/node_modules/router/index.js:186:3)',
  level: 'error',
  timestamp: '2026-07-30T07:08:02.692Z'
}
{
  message: 'JWT Verification Error: jwt expired',
  level: 'error',
  timestamp: '2026-07-30T07:08:02.723Z'
}
{
  message: 'GLOBAL ERROR HANDLER CAUGHT: Error: Phiên đăng nhập đã hết hạn. Vui lòng lấy Token mới.\n' +
    '    at authMiddleware (/app/src/middlewares/authMiddleware.ts:80:9)\n' +
    '    at Layer.handleRequest (/app/node_modules/router/lib/layer.js:152:17)\n' +
    '    at next (/app/node_modules/router/lib/route.js:157:13)\n' +
    '    at Route.dispatch (/app/node_modules/router/lib/route.js:117:3)\n' +
    '    at handle (/app/node_modules/router/index.js:435:11)\n' +
    '    at Layer.handleRequest (/app/node_modules/router/lib/layer.js:152:17)\n' +
    '    at /app/node_modules/router/index.js:295:15\n' +
    '    at processParams (/app/node_modules/router/index.js:582:12)\n' +
    '    at next (/app/node_modules/router/index.js:291:5)\n' +
    '    at Function.handle (/app/node_modules/router/index.js:186:3)',
  level: 'error',
  timestamp: '2026-07-30T07:08:02.726Z'
}
{
  message: '[AuthController] Refresh Tokens',
  level: 'info',
  timestamp: '2026-07-30T07:08:02.745Z'
}
{
  message: 'Fetching user details for ID: a8cec9ac-9a38-447e-b2b7-6e29efea0597',
  level: 'debug',
  timestamp: '2026-07-30T07:08:02.798Z'
}
{
  message: '[Cache Hit] Lấy thông tin user ID: a8cec9ac-9a38-447e-b2b7-6e29efea0597 từ Redis',
  level: 'debug',
  timestamp: '2026-07-30T07:08:02.801Z'
}
{
  message: '[AuthService] Tokens refreshed successfully for user: hieu.tt.2455@aptechlearning.edu.vn',
  level: 'info',
  timestamp: '2026-07-30T07:08:02.856Z'
}
{
  userId: 'a8cec9ac-9a38-447e-b2b7-6e29efea0597',
  level: 'info',
  message: '[AuthController] Get Me',
  timestamp: '2026-07-30T07:08:02.906Z'
}
{
  message: 'Fetching user details for ID: a8cec9ac-9a38-447e-b2b7-6e29efea0597',
  level: 'debug',
  timestamp: '2026-07-30T07:08:02.907Z'
}
{
  message: '[Cache Hit] Lấy thông tin user ID: a8cec9ac-9a38-447e-b2b7-6e29efea0597 từ Redis',
  level: 'debug',
  timestamp: '2026-07-30T07:08:02.909Z'
}
{
  userId: 'a8cec9ac-9a38-447e-b2b7-6e29efea0597',
  level: 'info',
  message: '[AuthController] Get Me',
  timestamp: '2026-07-30T07:08:02.935Z'
}
{
  message: 'Fetching user details for ID: a8cec9ac-9a38-447e-b2b7-6e29efea0597',
  level: 'debug',
  timestamp: '2026-07-30T07:08:02.936Z'
}
{
  message: '[Cache Hit] Lấy thông tin user ID: a8cec9ac-9a38-447e-b2b7-6e29efea0597 từ Redis',
  level: 'debug',
  timestamp: '2026-07-30T07:08:02.937Z'
}
{
  email: 'hieu.tt.2455@aptechlearning.edu.vn',
  level: 'info',
  message: '[AuthController] Check Email',
  timestamp: '2026-07-30T07:08:04.576Z'
}
{
  message: 'Fetching user details for Email: hieu.tt.2455@aptechlearning.edu.vn',
  level: 'debug',
  timestamp: '2026-07-30T07:08:04.576Z'
}
{
  message: '[Cache Hit] Lấy thông tin email hieu.tt.2455@aptechlearning.edu.vn từ Redis',
  level: 'debug',
  timestamp: '2026-07-30T07:08:04.577Z'
}
{
  message: 'GLOBAL ERROR HANDLER CAUGHT: ZodError: [\n' +
    '  {\n' +
    '    "code": "invalid_type",\n' +
    '    "expected": "string",\n' +
    '    "received": "undefined",\n' +
    '    "path": [\n' +
    '      "body",\n' +
    '      "password"\n' +
    '    ],\n' +
    '    "message": "Required"\n' +
    '  },\n' +
    '  {\n' +
    '    "code": "invalid_type",\n' +
    '    "expected": "string",\n' +
    '    "received": "undefined",\n' +
    '    "path": [\n' +
    '      "body",\n' +
    '      "fullName"\n' +
    '    ],\n' +
    '    "message": "Required"\n' +
    '  }\n' +
    ']\n' +
    '    at get error [as error] (file:///app/node_modules/zod/v3/types.js:39:31)\n' +
    '    at ZodObject.parseAsync (file:///app/node_modules/zod/v3/types.js:177:22)\n' +
    '    at process.processTicksAndRejections (node:internal/process/task_queues:95:5)\n' +
    '    at async <anonymous> (/app/src/middlewares/validationMiddleware.ts:12:23)',
  level: 'error',
  timestamp: '2026-07-30T07:08:08.100Z'
}
{
  message: '[Redis] Đang thử kết nối lại lần 1... (delay: 50ms)',
  level: 'warn',
  timestamp: '2026-07-30T07:08:29.712Z'
}
{
  message: '[SchedulerService] Khởi tạo các cron job...',
  level: 'info',
  timestamp: '2026-07-30T07:09:16.714Z'
}
{
  message: 'Booking API Service đang chạy tại port 3000 (Môi trường: development)',
  level: 'info',
  timestamp: '2026-07-30T07:09:16.784Z'
}
{
  message: '[Redis] Kết nối thành công tới Redis server',
  level: 'info',
  timestamp: '2026-07-30T07:09:16.792Z'
}
{
  message: '[SchedulerService] Đang kiểm tra các booking hết hạn thanh toán...',
  level: 'info',
  timestamp: '2026-07-30T07:10:00.387Z'
}
{
  userId: 'a8cec9ac-9a38-447e-b2b7-6e29efea0597',
  level: 'info',
  message: '[AuthController] Get Me',
  timestamp: '2026-07-30T07:10:04.765Z'
}
{
  message: 'Fetching user details for ID: a8cec9ac-9a38-447e-b2b7-6e29efea0597',
  level: 'debug',
  timestamp: '2026-07-30T07:10:04.767Z'
}
{
  message: '[Cache Miss] Tìm user ID: a8cec9ac-9a38-447e-b2b7-6e29efea0597 trong Database',
  level: 'debug',
  timestamp: '2026-07-30T07:10:04.775Z'
}
{
  userId: 'a8cec9ac-9a38-447e-b2b7-6e29efea0597',
  level: 'info',
  message: '[AuthController] Get Me',
  timestamp: '2026-07-30T07:10:04.899Z'
}
{
  message: 'Fetching user details for ID: a8cec9ac-9a38-447e-b2b7-6e29efea0597',
  level: 'debug',
  timestamp: '2026-07-30T07:10:04.900Z'
}
{
  message: '[Cache Hit] Lấy thông tin user ID: a8cec9ac-9a38-447e-b2b7-6e29efea0597 từ Redis',
  level: 'debug',
  timestamp: '2026-07-30T07:10:04.905Z'
}
{
  page: '1',
  limit: '10',
  level: 'info',
  message: '[HotelController] Get all hotels with queries',
  timestamp: '2026-07-30T07:10:07.100Z'
}
{
  page: '1',
  limit: '10',
  level: 'info',
  message: '[HotelController] Get all hotels with queries',
  timestamp: '2026-07-30T07:10:07.224Z'
}
{
  email: 'hieu.tt.2455@aptechlearning.edu.vn',
  level: 'info',
  message: '[AuthController] Check Email',
  timestamp: '2026-07-30T07:10:09.390Z'
}
{
  message: 'Fetching user details for Email: hieu.tt.2455@aptechlearning.edu.vn',
  level: 'debug',
  timestamp: '2026-07-30T07:10:09.390Z'
}
{
  message: '[Cache Miss] Tìm email hieu.tt.2455@aptechlearning.edu.vn trong Database',
  level: 'debug',
  timestamp: '2026-07-30T07:10:09.391Z'
}
{
  email: 'hieu.tt.2455@aptechlearning.edu.vn',
  level: 'info',
  message: '[AuthController] Register Partner',
  timestamp: '2026-07-30T07:10:12.960Z'
}
{
  message: 'Fetching user details for Email: hieu.tt.2455@aptechlearning.edu.vn',
  level: 'debug',
  timestamp: '2026-07-30T07:10:12.961Z'
}
{
  message: '[Cache Hit] Lấy thông tin email hieu.tt.2455@aptechlearning.edu.vn từ Redis',
  level: 'debug',
  timestamp: '2026-07-30T07:10:12.962Z'
}
{
  message: 'GLOBAL ERROR HANDLER CAUGHT: PrismaClientKnownRequestError: \n' +
    'Invalid `prismaTx.userProfile.update()` invocation in\n' +
    '/app/src/modules/auth/services/authService.ts:227:34\n' +
    '\n' +
    '  224   data: { role: Role.AGENT }\n' +
    '  225 });\n' +
    '  226 \n' +
    '→ 227 await prismaTx.userProfile.update(\n' +
    'Unique constraint failed on the fields: (`phone_number`)\n' +
    '    at zr.handleRequestError (/app/generated/prisma/runtime/client.js:69:8286)\n' +
    '    at zr.handleAndLogRequestError (/app/generated/prisma/runtime/client.js:69:7581)\n' +
    '    at zr.request (/app/generated/prisma/runtime/client.js:69:7288)\n' +
    '    at process.processTicksAndRejections (node:internal/process/task_queues:95:5)\n' +
    '    at async a (/app/generated/prisma/runtime/client.js:79:6862)\n' +
    '    at async <anonymous> (/app/src/modules/auth/services/authService.ts:227:7)\n' +
    '    at async Proxy._transactionWithCallback (/app/generated/prisma/runtime/client.js:79:4800)\n' +
    '    at async registerPartner (/app/src/modules/auth/controllers/authController.ts:146:20)',
  level: 'error',
  timestamp: '2026-07-30T07:10:13.008Z'
}
{
  email: 'hieu.tt.2455@aptechlearning.edu.vn',
  level: 'info',
  message: '[AuthController] Register Partner',
  timestamp: '2026-07-30T07:10:16.676Z'
}
{
  message: 'Fetching user details for Email: hieu.tt.2455@aptechlearning.edu.vn',
  level: 'debug',
  timestamp: '2026-07-30T07:10:16.677Z'
}
{
  message: '[Cache Hit] Lấy thông tin email hieu.tt.2455@aptechlearning.edu.vn từ Redis',
  level: 'debug',
  timestamp: '2026-07-30T07:10:16.681Z'
}
{
  message: 'GLOBAL ERROR HANDLER CAUGHT: PrismaClientKnownRequestError: \n' +
    'Invalid `prismaTx.userProfile.update()` invocation in\n' +
    '/app/src/modules/auth/services/authService.ts:227:34\n' +
    '\n' +
    '  224   data: { role: Role.AGENT }\n' +
    '  225 });\n' +
    '  226 \n' +
    '→ 227 await prismaTx.userProfile.update(\n' +
    'Unique constraint failed on the fields: (`phone_number`)\n' +
    '    at zr.handleRequestError (/app/generated/prisma/runtime/client.js:69:8286)\n' +
    '    at zr.handleAndLogRequestError (/app/generated/prisma/runtime/client.js:69:7581)\n' +
    '    at zr.request (/app/generated/prisma/runtime/client.js:69:7288)\n' +
    '    at process.processTicksAndRejections (node:internal/process/task_queues:95:5)\n' +
    '    at async a (/app/generated/prisma/runtime/client.js:79:6862)\n' +
    '    at async <anonymous> (/app/src/modules/auth/services/authService.ts:227:7)\n' +
    '    at async Proxy._transactionWithCallback (/app/generated/prisma/runtime/client.js:79:4800)\n' +
    '    at async registerPartner (/app/src/modules/auth/controllers/authController.ts:146:20)',
  level: 'error',
  timestamp: '2026-07-30T07:10:16.706Z'
}
{
  message: '[SchedulerService] Đang kiểm tra các booking hết hạn thanh toán...',
  level: 'info',
  timestamp: '2026-07-30T07:15:01.841Z'
}
{
  page: '1',
  limit: '10',
  level: 'info',
  message: '[HotelController] Get all hotels with queries',
  timestamp: '2026-07-30T07:18:21.193Z'
}
{
  page: '1',
  limit: '10',
  level: 'info',
  message: '[HotelController] Get all hotels with queries',
  timestamp: '2026-07-30T07:18:21.216Z'
}
{
  email: 'locdz8c@gmail.com',
  level: 'info',
  message: '[AuthController] Register user',
  timestamp: '2026-07-30T07:18:48.352Z'
}
{
  message: 'Fetching user details for Email: locdz8c@gmail.com',
  level: 'debug',
  timestamp: '2026-07-30T07:18:48.353Z'
}
{
  message: '[Cache Miss] Tìm email locdz8c@gmail.com trong Database',
  level: 'debug',
  timestamp: '2026-07-30T07:18:48.355Z'
}
{
  message: 'User with Email locdz8c@gmail.com not found',
  level: 'warn',
  timestamp: '2026-07-30T07:18:48.389Z'
}
{
  userId: '0ab1e63d-eb47-4671-a41e-81eed407f516',
  email: 'locdz8c@gmail.com',
  level: 'info',
  message: 'User created successfully by admin',
  timestamp: '2026-07-30T07:18:48.481Z'
}
{
  message: '[AuthService] Password registration successful for user: locdz8c@gmail.com',
  level: 'info',
  timestamp: '2026-07-30T07:18:48.496Z'
}
{
  userId: '0ab1e63d-eb47-4671-a41e-81eed407f516',
  level: 'info',
  message: '[AuthController] Get Me',
  timestamp: '2026-07-30T07:18:48.546Z'
}
{
  message: 'Fetching user details for ID: 0ab1e63d-eb47-4671-a41e-81eed407f516',
  level: 'debug',
  timestamp: '2026-07-30T07:18:48.546Z'
}
{
  message: '[Cache Miss] Tìm user ID: 0ab1e63d-eb47-4671-a41e-81eed407f516 trong Database',
  level: 'debug',
  timestamp: '2026-07-30T07:18:48.548Z'
}
{
  page: '1',
  limit: '10',
  level: 'info',
  message: '[HotelController] Get all hotels with queries',
  timestamp: '2026-07-30T07:18:48.845Z'
}
{
  page: '1',
  limit: '10',
  level: 'info',
  message: '[HotelController] Get all hotels with queries',
  timestamp: '2026-07-30T07:18:48.856Z'
}
{
  page: '1',
  limit: '10',
  level: 'info',
  message: '[HotelController] Get all hotels with queries',
  timestamp: '2026-07-30T07:18:58.033Z'
}
{
  page: '1',
  limit: '10',
  level: 'info',
  message: '[HotelController] Get all hotels with queries',
  timestamp: '2026-07-30T07:18:58.047Z'
}
{
  message: '[SchedulerService] Đang kiểm tra các booking hết hạn thanh toán...',
  level: 'info',
  timestamp: '2026-07-30T07:20:01.677Z'
}
{
  message: '[SchedulerService] Đang kiểm tra các booking hết hạn thanh toán...',
  level: 'info',
  timestamp: '2026-07-30T07:25:01.833Z'
}
{
  message: '[SchedulerService] Đang kiểm tra các booking hết hạn thanh toán...',
  level: 'info',
  timestamp: '2026-07-30T07:30:01.859Z'
}
{
  message: 'JWT Verification Error: jwt expired',
  level: 'error',
  timestamp: '2026-07-30T07:33:30.158Z'
}
{
  message: 'GLOBAL ERROR HANDLER CAUGHT: Error: Phiên đăng nhập đã hết hạn. Vui lòng lấy Token mới.\n' +
    '    at authMiddleware (/app/src/middlewares/authMiddleware.ts:80:9)\n' +
    '    at Layer.handleRequest (/app/node_modules/router/lib/layer.js:152:17)\n' +
    '    at next (/app/node_modules/router/lib/route.js:157:13)\n' +
    '    at Route.dispatch (/app/node_modules/router/lib/route.js:117:3)\n' +
    '    at handle (/app/node_modules/router/index.js:435:11)\n' +
    '    at Layer.handleRequest (/app/node_modules/router/lib/layer.js:152:17)\n' +
    '    at /app/node_modules/router/index.js:295:15\n' +
    '    at processParams (/app/node_modules/router/index.js:582:12)\n' +
    '    at next (/app/node_modules/router/index.js:291:5)\n' +
    '    at Function.handle (/app/node_modules/router/index.js:186:3)',
  level: 'error',
  timestamp: '2026-07-30T07:33:30.162Z'
}
{
  message: 'JWT Verification Error: jwt expired',
  level: 'error',
  timestamp: '2026-07-30T07:33:30.180Z'
}
{
  message: 'GLOBAL ERROR HANDLER CAUGHT: Error: Phiên đăng nhập đã hết hạn. Vui lòng lấy Token mới.\n' +
    '    at authMiddleware (/app/src/middlewares/authMiddleware.ts:80:9)\n' +
    '    at Layer.handleRequest (/app/node_modules/router/lib/layer.js:152:17)\n' +
    '    at next (/app/node_modules/router/lib/route.js:157:13)\n' +
    '    at Route.dispatch (/app/node_modules/router/lib/route.js:117:3)\n' +
    '    at handle (/app/node_modules/router/index.js:435:11)\n' +
    '    at Layer.handleRequest (/app/node_modules/router/lib/layer.js:152:17)\n' +
    '    at /app/node_modules/router/index.js:295:15\n' +
    '    at processParams (/app/node_modules/router/index.js:582:12)\n' +
    '    at next (/app/node_modules/router/index.js:291:5)\n' +
    '    at Function.handle (/app/node_modules/router/index.js:186:3)',
  level: 'error',
  timestamp: '2026-07-30T07:33:30.181Z'
}
{
  message: '[AuthController] Refresh Tokens',
  level: 'info',
  timestamp: '2026-07-30T07:33:30.202Z'
}
{
  message: 'Fetching user details for ID: 0ab1e63d-eb47-4671-a41e-81eed407f516',
  level: 'debug',
  timestamp: '2026-07-30T07:33:30.247Z'
}
{
  message: '[Cache Hit] Lấy thông tin user ID: 0ab1e63d-eb47-4671-a41e-81eed407f516 từ Redis',
  level: 'debug',
  timestamp: '2026-07-30T07:33:30.248Z'
}
{
  message: '[AuthService] Tokens refreshed successfully for user: locdz8c@gmail.com',
  level: 'info',
  timestamp: '2026-07-30T07:33:30.276Z'
}
{
  userId: '0ab1e63d-eb47-4671-a41e-81eed407f516',
  level: 'info',
  message: '[AuthController] Get Me',
  timestamp: '2026-07-30T07:33:30.331Z'
}
{
  message: 'Fetching user details for ID: 0ab1e63d-eb47-4671-a41e-81eed407f516',
  level: 'debug',
  timestamp: '2026-07-30T07:33:30.332Z'
}
{
  message: '[Cache Hit] Lấy thông tin user ID: 0ab1e63d-eb47-4671-a41e-81eed407f516 từ Redis',
  level: 'debug',
  timestamp: '2026-07-30T07:33:30.333Z'
}
{
  userId: '0ab1e63d-eb47-4671-a41e-81eed407f516',
  level: 'info',
  message: '[AuthController] Get Me',
  timestamp: '2026-07-30T07:33:30.342Z'
}
{
  message: 'Fetching user details for ID: 0ab1e63d-eb47-4671-a41e-81eed407f516',
  level: 'debug',
  timestamp: '2026-07-30T07:33:30.343Z'
}
{
  message: '[Cache Hit] Lấy thông tin user ID: 0ab1e63d-eb47-4671-a41e-81eed407f516 từ Redis',
  level: 'debug',
  timestamp: '2026-07-30T07:33:30.351Z'
}
{
  message: 'GLOBAL ERROR HANDLER CAUGHT: ZodError: [\n' +
    '  {\n' +
    '    "code": "invalid_type",\n' +
    '    "expected": "string",\n' +
    '    "received": "undefined",\n' +
    '    "path": [\n' +
    '      "body",\n' +
    '      "email"\n' +
    '    ],\n' +
    '    "message": "Required"\n' +
    '  }\n' +
    ']\n' +
    '    at get error [as error] (file:///app/node_modules/zod/v3/types.js:39:31)\n' +
    '    at ZodObject.parseAsync (file:///app/node_modules/zod/v3/types.js:177:22)\n' +
    '    at process.processTicksAndRejections (node:internal/process/task_queues:95:5)\n' +
    '    at async <anonymous> (/app/src/middlewares/validationMiddleware.ts:12:23)',
  level: 'error',
  timestamp: '2026-07-30T07:33:40.563Z'
}
{
  message: 'GLOBAL ERROR HANDLER CAUGHT: ZodError: [\n' +
    '  {\n' +
    '    "code": "invalid_type",\n' +
    '    "expected": "string",\n' +
    '    "received": "undefined",\n' +
    '    "path": [\n' +
    '      "body",\n' +
    '      "email"\n' +
    '    ],\n' +
    '    "message": "Required"\n' +
    '  }\n' +
    ']\n' +
    '    at get error [as error] (file:///app/node_modules/zod/v3/types.js:39:31)\n' +
    '    at ZodObject.parseAsync (file:///app/node_modules/zod/v3/types.js:177:22)\n' +
    '    at process.processTicksAndRejections (node:internal/process/task_queues:95:5)\n' +
    '    at async <anonymous> (/app/src/middlewares/validationMiddleware.ts:12:23)',
  level: 'error',
  timestamp: '2026-07-30T07:33:49.203Z'
}
{
  message: '[SchedulerService] Đang kiểm tra các booking hết hạn thanh toán...',
  level: 'info',
  timestamp: '2026-07-30T07:35:01.854Z'
}
{
  message: '[SchedulerService] Đang kiểm tra các booking hết hạn thanh toán...',
  level: 'info',
  timestamp: '2026-07-30T07:40:01.816Z'
}
{
  message: '[SchedulerService] Đang kiểm tra các booking hết hạn thanh toán...',
  level: 'info',
  timestamp: '2026-07-30T07:45:01.835Z'
}
{
  message: '[SchedulerService] Đang kiểm tra các booking hết hạn thanh toán...',
  level: 'info',
  timestamp: '2026-07-30T07:50:01.856Z'
}
{
  message: 'Nhận tín hiệu SIGTERM. Đang đóng API Server...',
  level: 'info',
  timestamp: '2026-07-30T07:51:42.783Z'
}
{
  message: 'Express HTTP server đã đóng.',
  level: 'info',
  timestamp: '2026-07-30T07:51:42.784Z'
}
{
  message: '[Redis] Đã đóng kết nối Redis',
  level: 'info',
  timestamp: '2026-07-30T07:51:42.786Z'
}
{
  message: '[SchedulerService] Khởi tạo các cron job...',
  level: 'info',
  timestamp: '2026-07-30T08:39:48.220Z'
}
{
  message: 'Booking API Service đang chạy tại port 3000 (Môi trường: development)',
  level: 'info',
  timestamp: '2026-07-30T08:39:48.376Z'
}
{
  message: '[Redis] Kết nối thành công tới Redis server',
  level: 'info',
  timestamp: '2026-07-30T08:39:48.388Z'
}
{
  message: '[SchedulerService] Đang kiểm tra các booking hết hạn thanh toán...',
  level: 'info',
  timestamp: '2026-07-30T08:40:00.005Z'
}
{
  message: 'JWT Verification Error: jwt expired',
  level: 'error',
  timestamp: '2026-07-30T08:41:14.884Z'
}
{
  message: 'GLOBAL ERROR HANDLER CAUGHT: Error: Phiên đăng nhập đã hết hạn. Vui lòng lấy Token mới.\n' +
    '    at authMiddleware (/app/src/middlewares/authMiddleware.ts:80:9)\n' +
    '    at Layer.handleRequest (/app/node_modules/router/lib/layer.js:152:17)\n' +
    '    at next (/app/node_modules/router/lib/route.js:157:13)\n' +
    '    at Route.dispatch (/app/node_modules/router/lib/route.js:117:3)\n' +
    '    at handle (/app/node_modules/router/index.js:435:11)\n' +
    '    at Layer.handleRequest (/app/node_modules/router/lib/layer.js:152:17)\n' +
    '    at /app/node_modules/router/index.js:295:15\n' +
    '    at processParams (/app/node_modules/router/index.js:582:12)\n' +
    '    at next (/app/node_modules/router/index.js:291:5)\n' +
    '    at Function.handle (/app/node_modules/router/index.js:186:3)',
  level: 'error',
  timestamp: '2026-07-30T08:41:14.886Z'
}
{
  message: 'JWT Verification Error: jwt expired',
  level: 'error',
  timestamp: '2026-07-30T08:41:14.893Z'
}
{
  message: 'GLOBAL ERROR HANDLER CAUGHT: Error: Phiên đăng nhập đã hết hạn. Vui lòng lấy Token mới.\n' +
    '    at authMiddleware (/app/src/middlewares/authMiddleware.ts:80:9)\n' +
    '    at Layer.handleRequest (/app/node_modules/router/lib/layer.js:152:17)\n' +
    '    at next (/app/node_modules/router/lib/route.js:157:13)\n' +
    '    at Route.dispatch (/app/node_modules/router/lib/route.js:117:3)\n' +
    '    at handle (/app/node_modules/router/index.js:435:11)\n' +
    '    at Layer.handleRequest (/app/node_modules/router/lib/layer.js:152:17)\n' +
    '    at /app/node_modules/router/index.js:295:15\n' +
    '    at processParams (/app/node_modules/router/index.js:582:12)\n' +
    '    at next (/app/node_modules/router/index.js:291:5)\n' +
    '    at Function.handle (/app/node_modules/router/index.js:186:3)',
  level: 'error',
  timestamp: '2026-07-30T08:41:14.894Z'
}
{
  message: '[AuthController] Refresh Tokens',
  level: 'info',
  timestamp: '2026-07-30T08:41:14.945Z'
}
{
  message: 'Fetching user details for ID: 0ab1e63d-eb47-4671-a41e-81eed407f516',
  level: 'debug',
  timestamp: '2026-07-30T08:41:14.981Z'
}
{
  message: '[Cache Miss] Tìm user ID: 0ab1e63d-eb47-4671-a41e-81eed407f516 trong Database',
  level: 'debug',
  timestamp: '2026-07-30T08:41:14.983Z'
}
{
  message: '[AuthService] Tokens refreshed successfully for user: locdz8c@gmail.com',
  level: 'info',
  timestamp: '2026-07-30T08:41:15.055Z'
}
{
  userId: '0ab1e63d-eb47-4671-a41e-81eed407f516',
  level: 'info',
  message: '[AuthController] Get Me',
  timestamp: '2026-07-30T08:41:15.083Z'
}
{
  message: 'Fetching user details for ID: 0ab1e63d-eb47-4671-a41e-81eed407f516',
  level: 'debug',
  timestamp: '2026-07-30T08:41:15.084Z'
}
{
  message: '[Cache Hit] Lấy thông tin user ID: 0ab1e63d-eb47-4671-a41e-81eed407f516 từ Redis',
  level: 'debug',
  timestamp: '2026-07-30T08:41:15.086Z'
}
{
  userId: '0ab1e63d-eb47-4671-a41e-81eed407f516',
  level: 'info',
  message: '[AuthController] Get Me',
  timestamp: '2026-07-30T08:41:15.096Z'
}
{
  message: 'Fetching user details for ID: 0ab1e63d-eb47-4671-a41e-81eed407f516',
  level: 'debug',
  timestamp: '2026-07-30T08:41:15.097Z'
}
{
  message: '[Cache Hit] Lấy thông tin user ID: 0ab1e63d-eb47-4671-a41e-81eed407f516 từ Redis',
  level: 'debug',
  timestamp: '2026-07-30T08:41:15.098Z'
}
{
  page: '1',
  limit: '10',
  level: 'info',
  message: '[HotelController] Get all hotels with queries',
  timestamp: '2026-07-30T08:41:15.295Z'
}
{
  page: '1',
  limit: '10',
  level: 'info',
  message: '[HotelController] Get all hotels with queries',
  timestamp: '2026-07-30T08:41:15.359Z'
}
{
  userId: '0ab1e63d-eb47-4671-a41e-81eed407f516',
  level: 'info',
  message: '[AuthController] Register Partner',
  timestamp: '2026-07-30T08:41:46.316Z'
}
{
  message: 'Fetching user details for ID: 0ab1e63d-eb47-4671-a41e-81eed407f516',
  level: 'debug',
  timestamp: '2026-07-30T08:41:46.317Z'
}
{
  message: '[Cache Hit] Lấy thông tin user ID: 0ab1e63d-eb47-4671-a41e-81eed407f516 từ Redis',
  level: 'debug',
  timestamp: '2026-07-30T08:41:46.318Z'
}
{
  message: '[AuthService] Partner registered/upgraded successfully: locdz8c@gmail.com',
  level: 'info',
  timestamp: '2026-07-30T08:41:46.349Z'
}
{
  page: '1',
  limit: '10',
  level: 'info',
  message: '[HotelController] Get all hotels with queries',
  timestamp: '2026-07-30T08:42:55.401Z'
}
{
  page: '1',
  limit: '10',
  level: 'info',
  message: '[HotelController] Get all hotels with queries',
  timestamp: '2026-07-30T08:42:55.408Z'
}
{
  userId: '0ab1e63d-eb47-4671-a41e-81eed407f516',
  level: 'info',
  message: '[AuthController] Register Partner',
  timestamp: '2026-07-30T08:43:07.011Z'
}
{
  message: 'Fetching user details for ID: 0ab1e63d-eb47-4671-a41e-81eed407f516',
  level: 'debug',
  timestamp: '2026-07-30T08:43:07.011Z'
}
{
  message: '[Cache Hit] Lấy thông tin user ID: 0ab1e63d-eb47-4671-a41e-81eed407f516 từ Redis',
  level: 'debug',
  timestamp: '2026-07-30T08:43:07.012Z'
}
{
  message: '[AuthService] Partner registered/upgraded successfully: locdz8c@gmail.com',
  level: 'info',
  timestamp: '2026-07-30T08:43:07.038Z'
}
{
  page: '1',
  limit: '10',
  level: 'info',
  message: '[HotelController] Get all hotels with queries',
  timestamp: '2026-07-30T08:43:24.337Z'
}
{
  page: '1',
  limit: '10',
  level: 'info',
  message: '[HotelController] Get all hotels with queries',
  timestamp: '2026-07-30T08:43:24.346Z'
}
{
  message: '[SchedulerService] Đang kiểm tra các booking hết hạn thanh toán...',
  level: 'info',
  timestamp: '2026-07-30T08:45:01.734Z'
}
{
  page: '1',
  limit: '10',
  level: 'info',
  message: '[HotelController] Get all hotels with queries',
  timestamp: '2026-07-30T08:47:22.403Z'
}
{
  page: '1',
  limit: '10',
  level: 'info',
  message: '[HotelController] Get all hotels with queries',
  timestamp: '2026-07-30T08:47:22.406Z'
}
{
  message: 'JWT Verification Error: jwt expired',
  level: 'error',
  timestamp: '2026-07-30T08:47:23.314Z'
}
{
  message: 'GLOBAL ERROR HANDLER CAUGHT: Error: Phiên đăng nhập đã hết hạn. Vui lòng lấy Token mới.\n' +
    '    at authMiddleware (/app/src/middlewares/authMiddleware.ts:80:9)\n' +
    '    at Layer.handleRequest (/app/node_modules/router/lib/layer.js:152:17)\n' +
    '    at next (/app/node_modules/router/lib/route.js:157:13)\n' +
    '    at Route.dispatch (/app/node_modules/router/lib/route.js:117:3)\n' +
    '    at handle (/app/node_modules/router/index.js:435:11)\n' +
    '    at Layer.handleRequest (/app/node_modules/router/lib/layer.js:152:17)\n' +
    '    at /app/node_modules/router/index.js:295:15\n' +
    '    at processParams (/app/node_modules/router/index.js:582:12)\n' +
    '    at next (/app/node_modules/router/index.js:291:5)\n' +
    '    at Function.handle (/app/node_modules/router/index.js:186:3)',
  level: 'error',
  timestamp: '2026-07-30T08:47:23.315Z'
}
{
  message: 'JWT Verification Error: jwt expired',
  level: 'error',
  timestamp: '2026-07-30T08:47:23.322Z'
}
{
  message: 'GLOBAL ERROR HANDLER CAUGHT: Error: Phiên đăng nhập đã hết hạn. Vui lòng lấy Token mới.\n' +
    '    at authMiddleware (/app/src/middlewares/authMiddleware.ts:80:9)\n' +
    '    at Layer.handleRequest (/app/node_modules/router/lib/layer.js:152:17)\n' +
    '    at next (/app/node_modules/router/lib/route.js:157:13)\n' +
    '    at Route.dispatch (/app/node_modules/router/lib/route.js:117:3)\n' +
    '    at handle (/app/node_modules/router/index.js:435:11)\n' +
    '    at Layer.handleRequest (/app/node_modules/router/lib/layer.js:152:17)\n' +
    '    at /app/node_modules/router/index.js:295:15\n' +
    '    at processParams (/app/node_modules/router/index.js:582:12)\n' +
    '    at next (/app/node_modules/router/index.js:291:5)\n' +
    '    at Function.handle (/app/node_modules/router/index.js:186:3)',
  level: 'error',
  timestamp: '2026-07-30T08:47:23.323Z'
}
{
  message: '[AuthController] Refresh Tokens',
  level: 'info',
  timestamp: '2026-07-30T08:47:23.353Z'
}
{
  message: 'Fetching user details for ID: 0ab1e63d-eb47-4671-a41e-81eed407f516',
  level: 'debug',
  timestamp: '2026-07-30T08:47:23.362Z'
}
{
  message: '[Cache Hit] Lấy thông tin user ID: 0ab1e63d-eb47-4671-a41e-81eed407f516 từ Redis',
  level: 'debug',
  timestamp: '2026-07-30T08:47:23.364Z'
}
{
  message: '[AuthService] Tokens refreshed successfully for user: locdz8c@gmail.com',
  level: 'info',
  timestamp: '2026-07-30T08:47:23.385Z'
}
{
  userId: '0ab1e63d-eb47-4671-a41e-81eed407f516',
  level: 'info',
  message: '[AuthController] Get Me',
  timestamp: '2026-07-30T08:47:23.442Z'
}
{
  message: 'Fetching user details for ID: 0ab1e63d-eb47-4671-a41e-81eed407f516',
  level: 'debug',
  timestamp: '2026-07-30T08:47:23.443Z'
}
{
  message: '[Cache Hit] Lấy thông tin user ID: 0ab1e63d-eb47-4671-a41e-81eed407f516 từ Redis',
  level: 'debug',
  timestamp: '2026-07-30T08:47:23.447Z'
}
{
  page: '1',
  limit: '10',
  level: 'info',
  message: '[HotelController] Get all hotels with queries',
  timestamp: '2026-07-30T08:47:23.453Z'
}
{
  userId: '0ab1e63d-eb47-4671-a41e-81eed407f516',
  level: 'info',
  message: '[AuthController] Get Me',
  timestamp: '2026-07-30T08:47:23.460Z'
}
{
  message: 'Fetching user details for ID: 0ab1e63d-eb47-4671-a41e-81eed407f516',
  level: 'debug',
  timestamp: '2026-07-30T08:47:23.460Z'
}
{
  message: '[Cache Hit] Lấy thông tin user ID: 0ab1e63d-eb47-4671-a41e-81eed407f516 từ Redis',
  level: 'debug',
  timestamp: '2026-07-30T08:47:23.461Z'
}
{
  page: '1',
  limit: '10',
  level: 'info',
  message: '[HotelController] Get all hotels with queries',
  timestamp: '2026-07-30T08:47:23.464Z'
}
{
  userId: '0ab1e63d-eb47-4671-a41e-81eed407f516',
  level: 'info',
  message: '[AuthController] Register Partner',
  timestamp: '2026-07-30T08:47:38.676Z'
}
{
  message: 'Fetching user details for ID: 0ab1e63d-eb47-4671-a41e-81eed407f516',
  level: 'debug',
  timestamp: '2026-07-30T08:47:38.676Z'
}
{
  message: '[Cache Hit] Lấy thông tin user ID: 0ab1e63d-eb47-4671-a41e-81eed407f516 từ Redis',
  level: 'debug',
  timestamp: '2026-07-30T08:47:38.677Z'
}
{
  message: '[AuthService] Partner registered/upgraded successfully: locdz8c@gmail.com',
  level: 'info',
  timestamp: '2026-07-30T08:47:38.694Z'
}
{
  userId: '0ab1e63d-eb47-4671-a41e-81eed407f516',
  level: 'info',
  message: '[AuthController] Get Me',
  timestamp: '2026-07-30T08:47:47.577Z'
}
{
  message: 'Fetching user details for ID: 0ab1e63d-eb47-4671-a41e-81eed407f516',
  level: 'debug',
  timestamp: '2026-07-30T08:47:47.577Z'
}
{
  message: '[Cache Hit] Lấy thông tin user ID: 0ab1e63d-eb47-4671-a41e-81eed407f516 từ Redis',
  level: 'debug',
  timestamp: '2026-07-30T08:47:47.578Z'
}
{
  userId: '0ab1e63d-eb47-4671-a41e-81eed407f516',
  level: 'info',
  message: '[AuthController] Get Me',
  timestamp: '2026-07-30T08:47:47.582Z'
}
{
  message: 'Fetching user details for ID: 0ab1e63d-eb47-4671-a41e-81eed407f516',
  level: 'debug',
  timestamp: '2026-07-30T08:47:47.583Z'
}
{
  message: '[Cache Hit] Lấy thông tin user ID: 0ab1e63d-eb47-4671-a41e-81eed407f516 từ Redis',
  level: 'debug',
  timestamp: '2026-07-30T08:47:47.584Z'
}
{
  page: '1',
  limit: '10',
  level: 'info',
  message: '[HotelController] Get all hotels with queries',
  timestamp: '2026-07-30T08:47:47.907Z'
}
{
  page: '1',
  limit: '10',
  level: 'info',
  message: '[HotelController] Get all hotels with queries',
  timestamp: '2026-07-30T08:47:47.914Z'
}
{
  email: 'trantienbnx123@gmail.com',
  level: 'info',
  message: '[AuthController] Register user',
  timestamp: '2026-07-30T08:49:35.528Z'
}
{
  message: 'Fetching user details for Email: trantienbnx123@gmail.com',
  level: 'debug',
  timestamp: '2026-07-30T08:49:35.528Z'
}
{
  message: '[Cache Miss] Tìm email trantienbnx123@gmail.com trong Database',
  level: 'debug',
  timestamp: '2026-07-30T08:49:35.529Z'
}
{
  message: 'User with Email trantienbnx123@gmail.com not found',
  level: 'warn',
  timestamp: '2026-07-30T08:49:35.547Z'
}
{
  userId: 'c20b3846-182f-4648-be55-1ebc3b07c3bf',
  email: 'trantienbnx123@gmail.com',
  level: 'info',
  message: 'User created successfully by admin',
  timestamp: '2026-07-30T08:49:35.636Z'
}
{
  message: '[AuthService] Password registration successful for user: trantienbnx123@gmail.com',
  level: 'info',
  timestamp: '2026-07-30T08:49:35.641Z'
}
{
  userId: 'c20b3846-182f-4648-be55-1ebc3b07c3bf',
  level: 'info',
  message: '[AuthController] Get Me',
  timestamp: '2026-07-30T08:49:35.671Z'
}
{
  message: 'Fetching user details for ID: c20b3846-182f-4648-be55-1ebc3b07c3bf',
  level: 'debug',
  timestamp: '2026-07-30T08:49:35.672Z'
}
{
  message: '[Cache Miss] Tìm user ID: c20b3846-182f-4648-be55-1ebc3b07c3bf trong Database',
  level: 'debug',
  timestamp: '2026-07-30T08:49:35.673Z'
}
{
  page: '1',
  limit: '10',
  level: 'info',
  message: '[HotelController] Get all hotels with queries',
  timestamp: '2026-07-30T08:49:35.802Z'
}
{
  page: '1',
  limit: '10',
  level: 'info',
  message: '[HotelController] Get all hotels with queries',
  timestamp: '2026-07-30T08:49:35.809Z'
}
{
  page: '1',
  limit: '10',
  level: 'info',
  message: '[HotelController] Get all hotels with queries',
  timestamp: '2026-07-30T08:50:00.499Z'
}
{
  page: '1',
  limit: '10',
  level: 'info',
  message: '[HotelController] Get all hotels with queries',
  timestamp: '2026-07-30T08:50:00.505Z'
}
{
  message: '[SchedulerService] Đang kiểm tra các booking hết hạn thanh toán...',
  level: 'info',
  timestamp: '2026-07-30T08:50:01.713Z'
}
{
  page: '1',
  limit: '10',
  level: 'info',
  message: '[HotelController] Get all hotels with queries',
  timestamp: '2026-07-30T08:50:25.012Z'
}
{
  page: '1',
  limit: '10',
  level: 'info',
  message: '[HotelController] Get all hotels with queries',
  timestamp: '2026-07-30T08:50:25.017Z'
}
{
  page: '1',
  limit: '10',
  level: 'info',
  message: '[HotelController] Get all hotels with queries',
  timestamp: '2026-07-30T08:50:28.276Z'
}
{
  page: '1',
  limit: '10',
  level: 'info',
  message: '[HotelController] Get all hotels with queries',
  timestamp: '2026-07-30T08:50:28.282Z'
}
{
  userId: 'c20b3846-182f-4648-be55-1ebc3b07c3bf',
  level: 'info',
  message: '[AuthController] Register Partner',
  timestamp: '2026-07-30T08:50:50.501Z'
}
{
  message: 'Fetching user details for ID: c20b3846-182f-4648-be55-1ebc3b07c3bf',
  level: 'debug',
  timestamp: '2026-07-30T08:50:50.502Z'
}
{
  message: '[Cache Hit] Lấy thông tin user ID: c20b3846-182f-4648-be55-1ebc3b07c3bf từ Redis',
  level: 'debug',
  timestamp: '2026-07-30T08:50:50.502Z'
}
{
  message: '[AuthService] Partner registered/upgraded successfully: trantienbnx123@gmail.com',
  level: 'info',
  timestamp: '2026-07-30T08:50:50.519Z'
}
{
  page: '1',
  limit: '10',
  level: 'info',
  message: '[HotelController] Get all hotels with queries',
  timestamp: '2026-07-30T08:50:59.812Z'
}
{
  page: '1',
  limit: '10',
  level: 'info',
  message: '[HotelController] Get all hotels with queries',
  timestamp: '2026-07-30T08:50:59.824Z'
}
{
  page: '1',
  limit: '10',
  level: 'info',
  message: '[HotelController] Get all hotels with queries',
  timestamp: '2026-07-30T08:51:07.866Z'
}
{
  page: '1',
  limit: '10',
  level: 'info',
  message: '[HotelController] Get all hotels with queries',
  timestamp: '2026-07-30T08:51:07.870Z'
}
{
  page: '1',
  limit: '10',
  level: 'info',
  message: '[HotelController] Get all hotels with queries',
  timestamp: '2026-07-30T08:51:12.098Z'
}
{
  page: '1',
  limit: '10',
  level: 'info',
  message: '[HotelController] Get all hotels with queries',
  timestamp: '2026-07-30T08:51:12.105Z'
}
{
  email: 'trantienbnx123@gmail.com',
  level: 'info',
  message: '[AuthController] Register user',
  timestamp: '2026-07-30T08:51:39.629Z'
}
{
  message: 'Fetching user details for Email: trantienbnx123@gmail.com',
  level: 'debug',
  timestamp: '2026-07-30T08:51:39.629Z'
}
{
  message: '[Cache Miss] Tìm email trantienbnx123@gmail.com trong Database',
  level: 'debug',
  timestamp: '2026-07-30T08:51:39.630Z'
}
{
  message: 'User with Email trantienbnx123@gmail.com not found',
  level: 'warn',
  timestamp: '2026-07-30T08:51:39.650Z'
}
{
  userId: 'cd33a789-99f1-4a42-9822-768c6414a9e6',
  email: 'trantienbnx123@gmail.com',
  level: 'info',
  message: 'User created successfully by admin',
  timestamp: '2026-07-30T08:51:39.721Z'
}
{
  message: '[AuthService] Password registration successful for user: trantienbnx123@gmail.com',
  level: 'info',
  timestamp: '2026-07-30T08:51:39.727Z'
}
{
  userId: 'cd33a789-99f1-4a42-9822-768c6414a9e6',
  level: 'info',
  message: '[AuthController] Get Me',
  timestamp: '2026-07-30T08:51:39.747Z'
}
{
  message: 'Fetching user details for ID: cd33a789-99f1-4a42-9822-768c6414a9e6',
  level: 'debug',
  timestamp: '2026-07-30T08:51:39.747Z'
}
{
  message: '[Cache Miss] Tìm user ID: cd33a789-99f1-4a42-9822-768c6414a9e6 trong Database',
  level: 'debug',
  timestamp: '2026-07-30T08:51:39.748Z'
}
{
  page: '1',
  limit: '10',
  level: 'info',
  message: '[HotelController] Get all hotels with queries',
  timestamp: '2026-07-30T08:51:39.809Z'
}
{
  page: '1',
  limit: '10',
  level: 'info',
  message: '[HotelController] Get all hotels with queries',
  timestamp: '2026-07-30T08:51:39.814Z'
}
{
  page: '1',
  limit: '10',
  level: 'info',
  message: '[HotelController] Get all hotels with queries',
  timestamp: '2026-07-30T08:51:47.577Z'
}
{
  page: '1',
  limit: '10',
  level: 'info',
  message: '[HotelController] Get all hotels with queries',
  timestamp: '2026-07-30T08:51:47.584Z'
}
{
  page: '1',
  limit: '10',
  level: 'info',
  message: '[HotelController] Get all hotels with queries',
  timestamp: '2026-07-30T08:51:54.590Z'
}
{
  page: '1',
  limit: '10',
  level: 'info',
  message: '[HotelController] Get all hotels with queries',
  timestamp: '2026-07-30T08:51:54.595Z'
}
{
  message: 'Nhận tín hiệu SIGTERM. Đang đóng API Server...',
  level: 'info',
  timestamp: '2026-07-30T08:52:06.888Z'
}
{
  message: 'Express HTTP server đã đóng.',
  level: 'info',
  timestamp: '2026-07-30T08:52:06.889Z'
}
{
  message: '[Redis] Đã đóng kết nối Redis',
  level: 'info',
  timestamp: '2026-07-30T08:52:06.890Z'
}
{
  message: '[SchedulerService] Khởi tạo các cron job...',
  level: 'info',
  timestamp: '2026-07-30T11:45:36.934Z'
}
{
  message: 'Booking API Service đang chạy tại port 3000 (Môi trường: development)',
  level: 'info',
  timestamp: '2026-07-30T11:45:37.077Z'
}
{
  message: '[Redis] Kết nối thành công tới Redis server',
  level: 'info',
  timestamp: '2026-07-30T11:45:37.087Z'
}
{
  message: 'JWT Verification Error: jwt expired',
  level: 'error',
  timestamp: '2026-07-30T11:45:43.913Z'
}
{
  message: 'GLOBAL ERROR HANDLER CAUGHT: Error: Phiên đăng nhập đã hết hạn. Vui lòng lấy Token mới.\n' +
    '    at authMiddleware (/app/src/middlewares/authMiddleware.ts:80:9)\n' +
    '    at Layer.handleRequest (/app/node_modules/router/lib/layer.js:152:17)\n' +
    '    at next (/app/node_modules/router/lib/route.js:157:13)\n' +
    '    at Route.dispatch (/app/node_modules/router/lib/route.js:117:3)\n' +
    '    at handle (/app/node_modules/router/index.js:435:11)\n' +
    '    at Layer.handleRequest (/app/node_modules/router/lib/layer.js:152:17)\n' +
    '    at /app/node_modules/router/index.js:295:15\n' +
    '    at processParams (/app/node_modules/router/index.js:582:12)\n' +
    '    at next (/app/node_modules/router/index.js:291:5)\n' +
    '    at Function.handle (/app/node_modules/router/index.js:186:3)',
  level: 'error',
  timestamp: '2026-07-30T11:45:43.915Z'
}
{
  message: 'JWT Verification Error: jwt expired',
  level: 'error',
  timestamp: '2026-07-30T11:45:43.925Z'
}
{
  message: 'GLOBAL ERROR HANDLER CAUGHT: Error: Phiên đăng nhập đã hết hạn. Vui lòng lấy Token mới.\n' +
    '    at authMiddleware (/app/src/middlewares/authMiddleware.ts:80:9)\n' +
    '    at Layer.handleRequest (/app/node_modules/router/lib/layer.js:152:17)\n' +
    '    at next (/app/node_modules/router/lib/route.js:157:13)\n' +
    '    at Route.dispatch (/app/node_modules/router/lib/route.js:117:3)\n' +
    '    at handle (/app/node_modules/router/index.js:435:11)\n' +
    '    at Layer.handleRequest (/app/node_modules/router/lib/layer.js:152:17)\n' +
    '    at /app/node_modules/router/index.js:295:15\n' +
    '    at processParams (/app/node_modules/router/index.js:582:12)\n' +
    '    at next (/app/node_modules/router/index.js:291:5)\n' +
    '    at Function.handle (/app/node_modules/router/index.js:186:3)',
  level: 'error',
  timestamp: '2026-07-30T11:45:43.926Z'
}
{
  message: '[AuthController] Refresh Tokens',
  level: 'info',
  timestamp: '2026-07-30T11:45:43.957Z'
}
{
  message: 'Fetching user details for ID: cd33a789-99f1-4a42-9822-768c6414a9e6',
  level: 'debug',
  timestamp: '2026-07-30T11:45:44.058Z'
}
{
  message: '[Cache Miss] Tìm user ID: cd33a789-99f1-4a42-9822-768c6414a9e6 trong Database',
  level: 'debug',
  timestamp: '2026-07-30T11:45:44.060Z'
}
{
  message: '[AuthService] Tokens refreshed successfully for user: trantienbnx123@gmail.com',
  level: 'info',
  timestamp: '2026-07-30T11:45:44.130Z'
}
{
  userId: 'cd33a789-99f1-4a42-9822-768c6414a9e6',
  level: 'info',
  message: '[AuthController] Get Me',
  timestamp: '2026-07-30T11:45:44.257Z'
}
{
  message: 'Fetching user details for ID: cd33a789-99f1-4a42-9822-768c6414a9e6',
  level: 'debug',
  timestamp: '2026-07-30T11:45:44.258Z'
}
{
  message: '[Cache Hit] Lấy thông tin user ID: cd33a789-99f1-4a42-9822-768c6414a9e6 từ Redis',
  level: 'debug',
  timestamp: '2026-07-30T11:45:44.259Z'
}
{
  userId: 'cd33a789-99f1-4a42-9822-768c6414a9e6',
  level: 'info',
  message: '[AuthController] Get Me',
  timestamp: '2026-07-30T11:45:44.272Z'
}
{
  message: 'Fetching user details for ID: cd33a789-99f1-4a42-9822-768c6414a9e6',
  level: 'debug',
  timestamp: '2026-07-30T11:45:44.273Z'
}
{
  message: '[Cache Hit] Lấy thông tin user ID: cd33a789-99f1-4a42-9822-768c6414a9e6 từ Redis',
  level: 'debug',
  timestamp: '2026-07-30T11:45:44.275Z'
}
{
  page: '1',
  limit: '10',
  level: 'info',
  message: '[HotelController] Get all hotels with queries',
  timestamp: '2026-07-30T11:45:44.289Z'
}
{
  page: '1',
  limit: '10',
  level: 'info',
  message: '[HotelController] Get all hotels with queries',
  timestamp: '2026-07-30T11:45:44.362Z'
}
{
  page: '1',
  limit: '10',
  level: 'info',
  message: '[HotelController] Get all hotels with queries',
  timestamp: '2026-07-30T11:46:22.800Z'
}
{
  page: '1',
  limit: '10',
  level: 'info',
  message: '[HotelController] Get all hotels with queries',
  timestamp: '2026-07-30T11:46:22.813Z'
}
