{
  message: 'Booking API Service đang chạy tại port 3000 (Môi trường: development)',
  level: 'info',
  timestamp: '2026-07-28T07:50:43.657Z'
}
{
  code: 'ECONNREFUSED',
  level: 'error',
  message: '[Redis] Lỗi kết nối Redis:',
  stack: 'AggregateError [ECONNREFUSED]: \n' +
    '    at internalConnectMultiple (node:net:1134:18)\n' +
    '    at afterConnectMultiple (node:net:1715:7)',
  timestamp: '2026-07-28T07:50:43.681Z'
}
{
  message: '[Redis] Đang thử kết nối lại lần 1... (delay: 50ms)',
  level: 'warn',
  timestamp: '2026-07-28T07:50:43.685Z'
}
{
  code: 'ECONNREFUSED',
  level: 'error',
  message: '[Redis] Lỗi kết nối Redis:',
  stack: 'AggregateError [ECONNREFUSED]: \n' +
    '    at internalConnectMultiple (node:net:1134:18)\n' +
    '    at afterConnectMultiple (node:net:1715:7)',
  timestamp: '2026-07-28T07:50:43.746Z'
}
{
  message: '[Redis] Đang thử kết nối lại lần 2... (delay: 100ms)',
  level: 'warn',
  timestamp: '2026-07-28T07:50:43.747Z'
}
{
  code: 'ECONNREFUSED',
  level: 'error',
  message: '[Redis] Lỗi kết nối Redis:',
  stack: 'AggregateError [ECONNREFUSED]: \n' +
    '    at internalConnectMultiple (node:net:1134:18)\n' +
    '    at afterConnectMultiple (node:net:1715:7)',
  timestamp: '2026-07-28T07:50:43.853Z'
}
{
  message: '[Redis] Đang thử kết nối lại lần 3... (delay: 150ms)',
  level: 'warn',
  timestamp: '2026-07-28T07:50:43.854Z'
}
{
  code: 'ECONNREFUSED',
  level: 'error',
  message: '[Redis] Lỗi kết nối Redis:',
  stack: 'AggregateError [ECONNREFUSED]: \n' +
    '    at internalConnectMultiple (node:net:1134:18)\n' +
    '    at afterConnectMultiple (node:net:1715:7)',
  timestamp: '2026-07-28T07:50:44.010Z'
}
{
  message: '[Redis] Đang thử kết nối lại lần 4... (delay: 200ms)',
  level: 'warn',
  timestamp: '2026-07-28T07:50:44.011Z'
}
{
  code: 'ECONNREFUSED',
  level: 'error',
  message: '[Redis] Lỗi kết nối Redis:',
  stack: 'AggregateError [ECONNREFUSED]: \n' +
    '    at internalConnectMultiple (node:net:1134:18)\n' +
    '    at afterConnectMultiple (node:net:1715:7)',
  timestamp: '2026-07-28T07:50:44.219Z'
}
{
  message: '[Redis] Đang thử kết nối lại lần 5... (delay: 250ms)',
  level: 'warn',
  timestamp: '2026-07-28T07:50:44.219Z'
}
{
  code: 'ECONNREFUSED',
  level: 'error',
  message: '[Redis] Lỗi kết nối Redis:',
  stack: 'AggregateError [ECONNREFUSED]: \n' +
    '    at internalConnectMultiple (node:net:1134:18)\n' +
    '    at afterConnectMultiple (node:net:1715:7)',
  timestamp: '2026-07-28T07:50:44.477Z'
}
{
  message: '[Redis] Đang thử kết nối lại lần 6... (delay: 300ms)',
  level: 'warn',
  timestamp: '2026-07-28T07:50:44.477Z'
}
{
  code: 'ECONNREFUSED',
  level: 'error',
  message: '[Redis] Lỗi kết nối Redis:',
  stack: 'AggregateError [ECONNREFUSED]: \n' +
    '    at internalConnectMultiple (node:net:1134:18)\n' +
    '    at afterConnectMultiple (node:net:1715:7)',
  timestamp: '2026-07-28T07:50:44.784Z'
}
{
  message: '[Redis] Đang thử kết nối lại lần 7... (delay: 350ms)',
  level: 'warn',
  timestamp: '2026-07-28T07:50:44.785Z'
}
{
  code: 'ECONNREFUSED',
  level: 'error',
  message: '[Redis] Lỗi kết nối Redis:',
  stack: 'AggregateError [ECONNREFUSED]: \n' +
    '    at internalConnectMultiple (node:net:1134:18)\n' +
    '    at afterConnectMultiple (node:net:1715:7)',
  timestamp: '2026-07-28T07:50:45.145Z'
}
{
  message: '[Redis] Đang thử kết nối lại lần 8... (delay: 400ms)',
  level: 'warn',
  timestamp: '2026-07-28T07:50:45.145Z'
}
{
  code: 'ECONNREFUSED',
  level: 'error',
  message: '[Redis] Lỗi kết nối Redis:',
  stack: 'AggregateError [ECONNREFUSED]: \n' +
    '    at internalConnectMultiple (node:net:1134:18)\n' +
    '    at afterConnectMultiple (node:net:1715:7)',
  timestamp: '2026-07-28T07:50:45.555Z'
}
{
  message: '[Redis] Đang thử kết nối lại lần 9... (delay: 450ms)',
  level: 'warn',
  timestamp: '2026-07-28T07:50:45.556Z'
}
{
  code: 'ECONNREFUSED',
  level: 'error',
  message: '[Redis] Lỗi kết nối Redis:',
  stack: 'AggregateError [ECONNREFUSED]: \n' +
    '    at internalConnectMultiple (node:net:1134:18)\n' +
    '    at afterConnectMultiple (node:net:1715:7)',
  timestamp: '2026-07-28T07:50:46.010Z'
}
{
  message: '[Redis] Đang thử kết nối lại lần 10... (delay: 500ms)',
  level: 'warn',
  timestamp: '2026-07-28T07:50:46.011Z'
}
{
  code: 'ECONNREFUSED',
  level: 'error',
  message: '[Redis] Lỗi kết nối Redis:',
  stack: 'AggregateError [ECONNREFUSED]: \n' +
    '    at internalConnectMultiple (node:net:1134:18)\n' +
    '    at afterConnectMultiple (node:net:1715:7)',
  timestamp: '2026-07-28T07:50:46.515Z'
}
{
  message: '[Redis] Đang thử kết nối lại lần 11... (delay: 550ms)',
  level: 'warn',
  timestamp: '2026-07-28T07:50:46.516Z'
}
{
  code: 'ECONNREFUSED',
  level: 'error',
  message: '[Redis] Lỗi kết nối Redis:',
  stack: 'AggregateError [ECONNREFUSED]: \n' +
    '    at internalConnectMultiple (node:net:1134:18)\n' +
    '    at afterConnectMultiple (node:net:1715:7)',
  timestamp: '2026-07-28T07:50:47.069Z'
}
{
  message: '[Redis] Đang thử kết nối lại lần 12... (delay: 600ms)',
  level: 'warn',
  timestamp: '2026-07-28T07:50:47.070Z'
}
{
  code: 'ECONNREFUSED',
  level: 'error',
  message: '[Redis] Lỗi kết nối Redis:',
  stack: 'AggregateError [ECONNREFUSED]: \n' +
    '    at internalConnectMultiple (node:net:1134:18)\n' +
    '    at afterConnectMultiple (node:net:1715:7)',
  timestamp: '2026-07-28T07:50:47.682Z'
}
{
  message: '[Redis] Đang thử kết nối lại lần 13... (delay: 650ms)',
  level: 'warn',
  timestamp: '2026-07-28T07:50:47.683Z'
}
{
  code: 'ECONNREFUSED',
  level: 'error',
  message: '[Redis] Lỗi kết nối Redis:',
  stack: 'AggregateError [ECONNREFUSED]: \n' +
    '    at internalConnectMultiple (node:net:1134:18)\n' +
    '    at afterConnectMultiple (node:net:1715:7)',
  timestamp: '2026-07-28T07:50:48.352Z'
}
{
  message: '[Redis] Đang thử kết nối lại lần 14... (delay: 700ms)',
  level: 'warn',
  timestamp: '2026-07-28T07:50:48.352Z'
}
{
  code: 'ECONNREFUSED',
  level: 'error',
  message: '[Redis] Lỗi kết nối Redis:',
  stack: 'AggregateError [ECONNREFUSED]: \n' +
    '    at internalConnectMultiple (node:net:1134:18)\n' +
    '    at afterConnectMultiple (node:net:1715:7)',
  timestamp: '2026-07-28T07:50:49.069Z'
}
{
  message: '[Redis] Đang thử kết nối lại lần 15... (delay: 750ms)',
  level: 'warn',
  timestamp: '2026-07-28T07:50:49.069Z'
}
{
  code: 'ECONNREFUSED',
  level: 'error',
  message: '[Redis] Lỗi kết nối Redis:',
  stack: 'AggregateError [ECONNREFUSED]: \n' +
    '    at internalConnectMultiple (node:net:1134:18)\n' +
    '    at afterConnectMultiple (node:net:1715:7)',
  timestamp: '2026-07-28T07:50:49.824Z'
}
{
  message: '[Redis] Đang thử kết nối lại lần 16... (delay: 800ms)',
  level: 'warn',
  timestamp: '2026-07-28T07:50:49.824Z'
}
{
  code: 'ECONNREFUSED',
  level: 'error',
  message: '[Redis] Lỗi kết nối Redis:',
  stack: 'AggregateError [ECONNREFUSED]: \n' +
    '    at internalConnectMultiple (node:net:1134:18)\n' +
    '    at afterConnectMultiple (node:net:1715:7)',
  timestamp: '2026-07-28T07:50:50.630Z'
}
{
  message: '[Redis] Đang thử kết nối lại lần 17... (delay: 850ms)',
  level: 'warn',
  timestamp: '2026-07-28T07:50:50.630Z'
}
{
  code: 'ECONNREFUSED',
  level: 'error',
  message: '[Redis] Lỗi kết nối Redis:',
  stack: 'AggregateError [ECONNREFUSED]: \n' +
    '    at internalConnectMultiple (node:net:1134:18)\n' +
    '    at afterConnectMultiple (node:net:1715:7)',
  timestamp: '2026-07-28T07:50:51.496Z'
}
{
  message: '[Redis] Đang thử kết nối lại lần 18... (delay: 900ms)',
  level: 'warn',
  timestamp: '2026-07-28T07:50:51.498Z'
}
{
  code: 'ECONNREFUSED',
  level: 'error',
  message: '[Redis] Lỗi kết nối Redis:',
  stack: 'AggregateError [ECONNREFUSED]: \n' +
    '    at internalConnectMultiple (node:net:1134:18)\n' +
    '    at afterConnectMultiple (node:net:1715:7)',
  timestamp: '2026-07-28T07:50:52.412Z'
}
{
  message: '[Redis] Đang thử kết nối lại lần 19... (delay: 950ms)',
  level: 'warn',
  timestamp: '2026-07-28T07:50:52.414Z'
}
{
  code: 'ECONNREFUSED',
  level: 'error',
  message: '[Redis] Lỗi kết nối Redis:',
  stack: 'AggregateError [ECONNREFUSED]: \n' +
    '    at internalConnectMultiple (node:net:1134:18)\n' +
    '    at afterConnectMultiple (node:net:1715:7)',
  timestamp: '2026-07-28T07:50:53.375Z'
}
{
  message: '[Redis] Đang thử kết nối lại lần 20... (delay: 1000ms)',
  level: 'warn',
  timestamp: '2026-07-28T07:50:53.376Z'
}
{
  code: 'ECONNREFUSED',
  level: 'error',
  message: '[Redis] Lỗi kết nối Redis:',
  stack: 'AggregateError [ECONNREFUSED]: \n' +
    '    at internalConnectMultiple (node:net:1134:18)\n' +
    '    at afterConnectMultiple (node:net:1715:7)',
  timestamp: '2026-07-28T07:50:54.388Z'
}
{
  message: '[Redis] Đang thử kết nối lại lần 21... (delay: 1050ms)',
  level: 'warn',
  timestamp: '2026-07-28T07:50:54.389Z'
}
{
  code: 'ECONNREFUSED',
  level: 'error',
  message: '[Redis] Lỗi kết nối Redis:',
  stack: 'AggregateError [ECONNREFUSED]: \n' +
    '    at internalConnectMultiple (node:net:1134:18)\n' +
    '    at afterConnectMultiple (node:net:1715:7)',
  timestamp: '2026-07-28T07:50:55.444Z'
}
{
  message: '[Redis] Đang thử kết nối lại lần 22... (delay: 1100ms)',
  level: 'warn',
  timestamp: '2026-07-28T07:50:55.446Z'
}
{
  code: 'ECONNREFUSED',
  level: 'error',
  message: '[Redis] Lỗi kết nối Redis:',
  stack: 'AggregateError [ECONNREFUSED]: \n' +
    '    at internalConnectMultiple (node:net:1134:18)\n' +
    '    at afterConnectMultiple (node:net:1715:7)',
  timestamp: '2026-07-28T07:50:56.554Z'
}
{
  message: '[Redis] Đang thử kết nối lại lần 23... (delay: 1150ms)',
  level: 'warn',
  timestamp: '2026-07-28T07:50:56.556Z'
}
{
  message: 'Booking API Service đang chạy tại port 3000 (Môi trường: development)',
  level: 'info',
  timestamp: '2026-07-28T07:51:25.346Z'
}
{
  code: 'ECONNREFUSED',
  level: 'error',
  message: '[Redis] Lỗi kết nối Redis:',
  stack: 'AggregateError [ECONNREFUSED]: \n' +
    '    at internalConnectMultiple (node:net:1134:18)\n' +
    '    at afterConnectMultiple (node:net:1715:7)',
  timestamp: '2026-07-28T07:51:25.365Z'
}
{
  message: '[Redis] Đang thử kết nối lại lần 1... (delay: 50ms)',
  level: 'warn',
  timestamp: '2026-07-28T07:51:25.366Z'
}
{
  code: 'ECONNREFUSED',
  level: 'error',
  message: '[Redis] Lỗi kết nối Redis:',
  stack: 'AggregateError [ECONNREFUSED]: \n' +
    '    at internalConnectMultiple (node:net:1134:18)\n' +
    '    at afterConnectMultiple (node:net:1715:7)',
  timestamp: '2026-07-28T07:51:25.428Z'
}
{
  message: '[Redis] Đang thử kết nối lại lần 2... (delay: 100ms)',
  level: 'warn',
  timestamp: '2026-07-28T07:51:25.429Z'
}
{
  code: 'ECONNREFUSED',
  level: 'error',
  message: '[Redis] Lỗi kết nối Redis:',
  stack: 'AggregateError [ECONNREFUSED]: \n' +
    '    at internalConnectMultiple (node:net:1134:18)\n' +
    '    at afterConnectMultiple (node:net:1715:7)',
  timestamp: '2026-07-28T07:51:25.532Z'
}
{
  message: '[Redis] Đang thử kết nối lại lần 3... (delay: 150ms)',
  level: 'warn',
  timestamp: '2026-07-28T07:51:25.533Z'
}
{
  code: 'ECONNREFUSED',
  level: 'error',
  message: '[Redis] Lỗi kết nối Redis:',
  stack: 'AggregateError [ECONNREFUSED]: \n' +
    '    at internalConnectMultiple (node:net:1134:18)\n' +
    '    at afterConnectMultiple (node:net:1715:7)',
  timestamp: '2026-07-28T07:51:25.690Z'
}
{
  message: '[Redis] Đang thử kết nối lại lần 4... (delay: 200ms)',
  level: 'warn',
  timestamp: '2026-07-28T07:51:25.690Z'
}
{
  code: 'ECONNREFUSED',
  level: 'error',
  message: '[Redis] Lỗi kết nối Redis:',
  stack: 'AggregateError [ECONNREFUSED]: \n' +
    '    at internalConnectMultiple (node:net:1134:18)\n' +
    '    at afterConnectMultiple (node:net:1715:7)',
  timestamp: '2026-07-28T07:51:25.897Z'
}
{
  message: '[Redis] Đang thử kết nối lại lần 5... (delay: 250ms)',
  level: 'warn',
  timestamp: '2026-07-28T07:51:25.898Z'
}
{
  code: 'ECONNREFUSED',
  level: 'error',
  message: '[Redis] Lỗi kết nối Redis:',
  stack: 'AggregateError [ECONNREFUSED]: \n' +
    '    at internalConnectMultiple (node:net:1134:18)\n' +
    '    at afterConnectMultiple (node:net:1715:7)',
  timestamp: '2026-07-28T07:51:26.162Z'
}
{
  message: '[Redis] Đang thử kết nối lại lần 6... (delay: 300ms)',
  level: 'warn',
  timestamp: '2026-07-28T07:51:26.163Z'
}
{
  code: 'ECONNREFUSED',
  level: 'error',
  message: '[Redis] Lỗi kết nối Redis:',
  stack: 'AggregateError [ECONNREFUSED]: \n' +
    '    at internalConnectMultiple (node:net:1134:18)\n' +
    '    at afterConnectMultiple (node:net:1715:7)',
  timestamp: '2026-07-28T07:51:26.469Z'
}
{
  message: '[Redis] Đang thử kết nối lại lần 7... (delay: 350ms)',
  level: 'warn',
  timestamp: '2026-07-28T07:51:26.470Z'
}
{
  code: 'ECONNREFUSED',
  level: 'error',
  message: '[Redis] Lỗi kết nối Redis:',
  stack: 'AggregateError [ECONNREFUSED]: \n' +
    '    at internalConnectMultiple (node:net:1134:18)\n' +
    '    at afterConnectMultiple (node:net:1715:7)',
  timestamp: '2026-07-28T07:51:26.828Z'
}
{
  message: '[Redis] Đang thử kết nối lại lần 8... (delay: 400ms)',
  level: 'warn',
  timestamp: '2026-07-28T07:51:26.829Z'
}
{
  code: 'ECONNREFUSED',
  level: 'error',
  message: '[Redis] Lỗi kết nối Redis:',
  stack: 'AggregateError [ECONNREFUSED]: \n' +
    '    at internalConnectMultiple (node:net:1134:18)\n' +
    '    at afterConnectMultiple (node:net:1715:7)',
  timestamp: '2026-07-28T07:51:27.234Z'
}
{
  message: '[Redis] Đang thử kết nối lại lần 9... (delay: 450ms)',
  level: 'warn',
  timestamp: '2026-07-28T07:51:27.235Z'
}
{
  code: 'ECONNREFUSED',
  level: 'error',
  message: '[Redis] Lỗi kết nối Redis:',
  stack: 'AggregateError [ECONNREFUSED]: \n' +
    '    at internalConnectMultiple (node:net:1134:18)\n' +
    '    at afterConnectMultiple (node:net:1715:7)',
  timestamp: '2026-07-28T07:51:27.699Z'
}
{
  message: '[Redis] Đang thử kết nối lại lần 10... (delay: 500ms)',
  level: 'warn',
  timestamp: '2026-07-28T07:51:27.700Z'
}
{
  code: 'ECONNREFUSED',
  level: 'error',
  message: '[Redis] Lỗi kết nối Redis:',
  stack: 'AggregateError [ECONNREFUSED]: \n' +
    '    at internalConnectMultiple (node:net:1134:18)\n' +
    '    at afterConnectMultiple (node:net:1715:7)',
  timestamp: '2026-07-28T07:51:28.218Z'
}
{
  message: '[Redis] Đang thử kết nối lại lần 11... (delay: 550ms)',
  level: 'warn',
  timestamp: '2026-07-28T07:51:28.219Z'
}
{
  code: 'ECONNREFUSED',
  level: 'error',
  message: '[Redis] Lỗi kết nối Redis:',
  stack: 'AggregateError [ECONNREFUSED]: \n' +
    '    at internalConnectMultiple (node:net:1134:18)\n' +
    '    at afterConnectMultiple (node:net:1715:7)',
  timestamp: '2026-07-28T07:51:28.775Z'
}
{
  message: '[Redis] Đang thử kết nối lại lần 12... (delay: 600ms)',
  level: 'warn',
  timestamp: '2026-07-28T07:51:28.776Z'
}
{
  code: 'ECONNREFUSED',
  level: 'error',
  message: '[Redis] Lỗi kết nối Redis:',
  stack: 'AggregateError [ECONNREFUSED]: \n' +
    '    at internalConnectMultiple (node:net:1134:18)\n' +
    '    at afterConnectMultiple (node:net:1715:7)',
  timestamp: '2026-07-28T07:51:29.384Z'
}
{
  message: '[Redis] Đang thử kết nối lại lần 13... (delay: 650ms)',
  level: 'warn',
  timestamp: '2026-07-28T07:51:29.385Z'
}
{
  code: 'ECONNREFUSED',
  level: 'error',
  message: '[Redis] Lỗi kết nối Redis:',
  stack: 'AggregateError [ECONNREFUSED]: \n' +
    '    at internalConnectMultiple (node:net:1134:18)\n' +
    '    at afterConnectMultiple (node:net:1715:7)',
  timestamp: '2026-07-28T07:51:30.042Z'
}
{
  message: '[Redis] Đang thử kết nối lại lần 14... (delay: 700ms)',
  level: 'warn',
  timestamp: '2026-07-28T07:51:30.044Z'
}
{
  code: 'ECONNREFUSED',
  level: 'error',
  message: '[Redis] Lỗi kết nối Redis:',
  stack: 'AggregateError [ECONNREFUSED]: \n' +
    '    at internalConnectMultiple (node:net:1134:18)\n' +
    '    at afterConnectMultiple (node:net:1715:7)',
  timestamp: '2026-07-28T07:51:30.751Z'
}
{
  message: '[Redis] Đang thử kết nối lại lần 15... (delay: 750ms)',
  level: 'warn',
  timestamp: '2026-07-28T07:51:30.751Z'
}
{
  code: 'ECONNREFUSED',
  level: 'error',
  message: '[Redis] Lỗi kết nối Redis:',
  stack: 'AggregateError [ECONNREFUSED]: \n' +
    '    at internalConnectMultiple (node:net:1134:18)\n' +
    '    at afterConnectMultiple (node:net:1715:7)',
  timestamp: '2026-07-28T07:51:31.514Z'
}
{
  message: '[Redis] Đang thử kết nối lại lần 16... (delay: 800ms)',
  level: 'warn',
  timestamp: '2026-07-28T07:51:31.515Z'
}
{
  code: 'ECONNREFUSED',
  level: 'error',
  message: '[Redis] Lỗi kết nối Redis:',
  stack: 'AggregateError [ECONNREFUSED]: \n' +
    '    at internalConnectMultiple (node:net:1134:18)\n' +
    '    at afterConnectMultiple (node:net:1715:7)',
  timestamp: '2026-07-28T07:51:32.322Z'
}
{
  message: '[Redis] Đang thử kết nối lại lần 17... (delay: 850ms)',
  level: 'warn',
  timestamp: '2026-07-28T07:51:32.322Z'
}
{
  code: 'ECONNREFUSED',
  level: 'error',
  message: '[Redis] Lỗi kết nối Redis:',
  stack: 'AggregateError [ECONNREFUSED]: \n' +
    '    at internalConnectMultiple (node:net:1134:18)\n' +
    '    at afterConnectMultiple (node:net:1715:7)',
  timestamp: '2026-07-28T07:51:33.195Z'
}
{
  message: '[Redis] Đang thử kết nối lại lần 18... (delay: 900ms)',
  level: 'warn',
  timestamp: '2026-07-28T07:51:33.196Z'
}
{
  code: 'ECONNREFUSED',
  level: 'error',
  message: '[Redis] Lỗi kết nối Redis:',
  stack: 'AggregateError [ECONNREFUSED]: \n' +
    '    at internalConnectMultiple (node:net:1134:18)\n' +
    '    at afterConnectMultiple (node:net:1715:7)',
  timestamp: '2026-07-28T07:51:34.106Z'
}
{
  message: '[Redis] Đang thử kết nối lại lần 19... (delay: 950ms)',
  level: 'warn',
  timestamp: '2026-07-28T07:51:34.107Z'
}
{
  code: 'ECONNREFUSED',
  level: 'error',
  message: '[Redis] Lỗi kết nối Redis:',
  stack: 'AggregateError [ECONNREFUSED]: \n' +
    '    at internalConnectMultiple (node:net:1134:18)\n' +
    '    at afterConnectMultiple (node:net:1715:7)',
  timestamp: '2026-07-28T07:51:35.076Z'
}
{
  message: '[Redis] Đang thử kết nối lại lần 20... (delay: 1000ms)',
  level: 'warn',
  timestamp: '2026-07-28T07:51:35.077Z'
}
{
  code: 'ECONNREFUSED',
  level: 'error',
  message: '[Redis] Lỗi kết nối Redis:',
  stack: 'AggregateError [ECONNREFUSED]: \n' +
    '    at internalConnectMultiple (node:net:1134:18)\n' +
    '    at afterConnectMultiple (node:net:1715:7)',
  timestamp: '2026-07-28T07:51:36.093Z'
}
{
  message: '[Redis] Đang thử kết nối lại lần 21... (delay: 1050ms)',
  level: 'warn',
  timestamp: '2026-07-28T07:51:36.094Z'
}
{
  code: 'ECONNREFUSED',
  level: 'error',
  message: '[Redis] Lỗi kết nối Redis:',
  stack: 'AggregateError [ECONNREFUSED]: \n' +
    '    at internalConnectMultiple (node:net:1134:18)\n' +
    '    at afterConnectMultiple (node:net:1715:7)',
  timestamp: '2026-07-28T07:51:37.150Z'
}
{
  message: '[Redis] Đang thử kết nối lại lần 22... (delay: 1100ms)',
  level: 'warn',
  timestamp: '2026-07-28T07:51:37.151Z'
}
{
  code: 'ECONNREFUSED',
  level: 'error',
  message: '[Redis] Lỗi kết nối Redis:',
  stack: 'AggregateError [ECONNREFUSED]: \n' +
    '    at internalConnectMultiple (node:net:1134:18)\n' +
    '    at afterConnectMultiple (node:net:1715:7)',
  timestamp: '2026-07-28T07:51:38.268Z'
}
{
  message: '[Redis] Đang thử kết nối lại lần 23... (delay: 1150ms)',
  level: 'warn',
  timestamp: '2026-07-28T07:51:38.269Z'
}
{
  code: 'ECONNREFUSED',
  level: 'error',
  message: '[Redis] Lỗi kết nối Redis:',
  stack: 'AggregateError [ECONNREFUSED]: \n' +
    '    at internalConnectMultiple (node:net:1134:18)\n' +
    '    at afterConnectMultiple (node:net:1715:7)',
  timestamp: '2026-07-28T07:51:39.434Z'
}
{
  message: '[Redis] Đang thử kết nối lại lần 24... (delay: 1200ms)',
  level: 'warn',
  timestamp: '2026-07-28T07:51:39.434Z'
}
{
  code: 'ECONNREFUSED',
  level: 'error',
  message: '[Redis] Lỗi kết nối Redis:',
  stack: 'AggregateError [ECONNREFUSED]: \n' +
    '    at internalConnectMultiple (node:net:1134:18)\n' +
    '    at afterConnectMultiple (node:net:1715:7)',
  timestamp: '2026-07-28T07:51:40.653Z'
}
{
  message: '[Redis] Đang thử kết nối lại lần 25... (delay: 1250ms)',
  level: 'warn',
  timestamp: '2026-07-28T07:51:40.654Z'
}
{
  code: 'ECONNREFUSED',
  level: 'error',
  message: '[Redis] Lỗi kết nối Redis:',
  stack: 'AggregateError [ECONNREFUSED]: \n' +
    '    at internalConnectMultiple (node:net:1134:18)\n' +
    '    at afterConnectMultiple (node:net:1715:7)',
  timestamp: '2026-07-28T07:51:41.921Z'
}
{
  message: '[Redis] Đang thử kết nối lại lần 26... (delay: 1300ms)',
  level: 'warn',
  timestamp: '2026-07-28T07:51:41.922Z'
}
{
  code: 'ECONNREFUSED',
  level: 'error',
  message: '[Redis] Lỗi kết nối Redis:',
  stack: 'AggregateError [ECONNREFUSED]: \n' +
    '    at internalConnectMultiple (node:net:1134:18)\n' +
    '    at afterConnectMultiple (node:net:1715:7)',
  timestamp: '2026-07-28T07:51:43.237Z'
}
{
  message: '[Redis] Đang thử kết nối lại lần 27... (delay: 1350ms)',
  level: 'warn',
  timestamp: '2026-07-28T07:51:43.238Z'
}
{
  code: 'ECONNREFUSED',
  level: 'error',
  message: '[Redis] Lỗi kết nối Redis:',
  stack: 'AggregateError [ECONNREFUSED]: \n' +
    '    at internalConnectMultiple (node:net:1134:18)\n' +
    '    at afterConnectMultiple (node:net:1715:7)',
  timestamp: '2026-07-28T07:51:44.593Z'
}
{
  message: '[Redis] Đang thử kết nối lại lần 28... (delay: 1400ms)',
  level: 'warn',
  timestamp: '2026-07-28T07:51:44.594Z'
}
{
  code: 'ECONNREFUSED',
  level: 'error',
  message: '[Redis] Lỗi kết nối Redis:',
  stack: 'AggregateError [ECONNREFUSED]: \n' +
    '    at internalConnectMultiple (node:net:1134:18)\n' +
    '    at afterConnectMultiple (node:net:1715:7)',
  timestamp: '2026-07-28T07:51:46.005Z'
}
{
  message: '[Redis] Đang thử kết nối lại lần 29... (delay: 1450ms)',
  level: 'warn',
  timestamp: '2026-07-28T07:51:46.006Z'
}
{
  code: 'ECONNREFUSED',
  level: 'error',
  message: '[Redis] Lỗi kết nối Redis:',
  stack: 'AggregateError [ECONNREFUSED]: \n' +
    '    at internalConnectMultiple (node:net:1134:18)\n' +
    '    at afterConnectMultiple (node:net:1715:7)',
  timestamp: '2026-07-28T07:51:47.459Z'
}
{
  message: '[Redis] Đang thử kết nối lại lần 30... (delay: 1500ms)',
  level: 'warn',
  timestamp: '2026-07-28T07:51:47.459Z'
}
{
  code: 'ECONNREFUSED',
  level: 'error',
  message: '[Redis] Lỗi kết nối Redis:',
  stack: 'AggregateError [ECONNREFUSED]: \n' +
    '    at internalConnectMultiple (node:net:1134:18)\n' +
    '    at afterConnectMultiple (node:net:1715:7)',
  timestamp: '2026-07-28T07:51:48.963Z'
}
{
  message: '[Redis] Đang thử kết nối lại lần 31... (delay: 1550ms)',
  level: 'warn',
  timestamp: '2026-07-28T07:51:48.963Z'
}
{
  code: 'ECONNREFUSED',
  level: 'error',
  message: '[Redis] Lỗi kết nối Redis:',
  stack: 'AggregateError [ECONNREFUSED]: \n' +
    '    at internalConnectMultiple (node:net:1134:18)\n' +
    '    at afterConnectMultiple (node:net:1715:7)',
  timestamp: '2026-07-28T07:51:50.519Z'
}
{
  message: '[Redis] Đang thử kết nối lại lần 32... (delay: 1600ms)',
  level: 'warn',
  timestamp: '2026-07-28T07:51:50.520Z'
}
{
  code: 'ECONNREFUSED',
  level: 'error',
  message: '[Redis] Lỗi kết nối Redis:',
  stack: 'AggregateError [ECONNREFUSED]: \n' +
    '    at internalConnectMultiple (node:net:1134:18)\n' +
    '    at afterConnectMultiple (node:net:1715:7)',
  timestamp: '2026-07-28T07:51:52.129Z'
}
{
  message: '[Redis] Đang thử kết nối lại lần 33... (delay: 1650ms)',
  level: 'warn',
  timestamp: '2026-07-28T07:51:52.130Z'
}
{
  code: 'ECONNREFUSED',
  level: 'error',
  message: '[Redis] Lỗi kết nối Redis:',
  stack: 'AggregateError [ECONNREFUSED]: \n' +
    '    at internalConnectMultiple (node:net:1134:18)\n' +
    '    at afterConnectMultiple (node:net:1715:7)',
  timestamp: '2026-07-28T07:51:53.800Z'
}
{
  message: '[Redis] Đang thử kết nối lại lần 34... (delay: 1700ms)',
  level: 'warn',
  timestamp: '2026-07-28T07:51:53.801Z'
}
{
  code: 'ECONNREFUSED',
  level: 'error',
  message: '[Redis] Lỗi kết nối Redis:',
  stack: 'AggregateError [ECONNREFUSED]: \n' +
    '    at internalConnectMultiple (node:net:1134:18)\n' +
    '    at afterConnectMultiple (node:net:1715:7)',
  timestamp: '2026-07-28T07:51:55.504Z'
}
{
  message: '[Redis] Đang thử kết nối lại lần 35... (delay: 1750ms)',
  level: 'warn',
  timestamp: '2026-07-28T07:51:55.504Z'
}
